OpenJDK 64-Bit Server VM (25.292-b10) for linux-amd64 JRE (1.8.0_292-8u292-b10-0ubuntu1~20.04-b10), built on Apr 21 2021 11:46:09 by "buildd" with gcc 9.3.0
Memory: 4k page, physical 8032296k(820024k free), swap 10634236k(10543000k free)
CommandLine flags: -XX:InitialHeapSize=1073741824 -XX:MaxHeapSize=3221225472 -XX:+PrintGC -XX:+PrintGCTimeStamps -XX:+UseCompressedClassPointers -XX:+UseCompressedOops -XX:+UseParallelGC 
12.996: [GC (Allocation Failure)  262144K->25651K(1005056K), 0.0932034 secs]
16.401: [GC (Allocation Failure)  287795K->25792K(1005056K), 0.1377150 secs]
18.937: [GC (Allocation Failure)  287936K->26039K(1005056K), 0.1017412 secs]
20.824: [GC (Allocation Failure)  288183K->26051K(1267200K), 0.0612341 secs]
24.476: [GC (Allocation Failure)  550339K->26104K(1267200K), 0.0394692 secs]
28.380: [GC (Allocation Failure)  550392K->26088K(1687552K), 0.1817956 secs]
36.129: [GC (Allocation Failure)  987624K->26177K(1687552K), 0.0789393 secs]
42.166: [GC (Allocation Failure)  987713K->26145K(1709568K), 0.0040276 secs]
48.827: [GC (Allocation Failure)  1004065K->26153K(1677824K), 0.0069079 secs]
55.372: [GC (Allocation Failure)  1004073K->26201K(1708544K), 0.0057041 secs]
61.382: [GC (Allocation Failure)  997977K->26201K(1633792K), 0.0034197 secs]
67.286: [GC (Allocation Failure)  960089K->26257K(1599488K), 0.0044590 secs]
73.544: [GC (Allocation Failure)  923793K->26305K(1563136K), 0.0107152 secs]
79.260: [GC (Allocation Failure)  889537K->26249K(1530368K), 0.0308969 secs]
84.817: [GC (Allocation Failure)  856713K->26257K(1536000K), 0.0067241 secs]
90.056: [GC (Allocation Failure)  825489K->26265K(1469440K), 0.0109551 secs]
94.824: [GC (Allocation Failure)  795801K->26369K(1475584K), 0.0076061 secs]
99.834: [GC (Allocation Failure)  767233K->26281K(1413632K), 0.0062940 secs]
104.814: [GC (Allocation Failure)  740009K->26289K(1420288K), 0.0027711 secs]
110.300: [GC (Allocation Failure)  714417K->26297K(1363456K), 0.0071372 secs]
114.959: [GC (Allocation Failure)  689849K->26305K(1369600K), 0.0067609 secs]
119.606: [GC (Allocation Failure)  666305K->26313K(1317376K), 0.0056748 secs]
123.697: [GC (Allocation Failure)  643785K->26329K(1322496K), 0.0046760 secs]
128.098: [GC (Allocation Failure)  622297K->26377K(1275392K), 0.0059433 secs]
132.467: [GC (Allocation Failure)  601865K->26361K(1279488K), 0.0047247 secs]
136.295: [GC (Allocation Failure)  582393K->26369K(1237504K), 0.0048147 secs]
140.225: [GC (Allocation Failure)  563969K->26377K(1240576K), 0.0051359 secs]
143.564: [GC (Allocation Failure)  546057K->26385K(1202688K), 0.0073693 secs]
146.786: [GC (Allocation Failure)  529169K->26393K(1204736K), 0.0040771 secs]
149.977: [GC (Allocation Failure)  512793K->26401K(1170944K), 0.0062926 secs]
153.346: [GC (Allocation Failure)  497441K->26409K(1171968K), 0.0052923 secs]
156.408: [GC (Allocation Failure)  482601K->26417K(1141760K), 0.0070837 secs]
159.580: [GC (Allocation Failure)  468273K->26425K(1141760K), 0.0051696 secs]
162.693: [GC (Allocation Failure)  454457K->26433K(1115136K), 0.0090334 secs]
165.483: [GC (Allocation Failure)  441665K->26441K(1114624K), 0.0071993 secs]
168.237: [GC (Allocation Failure)  429385K->26449K(1091072K), 0.0046844 secs]
171.003: [GC (Allocation Failure)  417617K->26457K(1090048K), 0.0045332 secs]
173.980: [GC (Allocation Failure)  406361K->26465K(1069056K), 0.0088625 secs]
176.488: [GC (Allocation Failure)  395617K->26529K(1067008K), 0.0013228 secs]
178.656: [GC (Allocation Failure)  384929K->26505K(1048064K), 0.0050494 secs]
180.571: [GC (Allocation Failure)  374665K->26513K(1046016K), 0.0031727 secs]
182.412: [GC (Allocation Failure)  364945K->26569K(1346048K), 0.0022141 secs]
185.797: [GC (Allocation Failure)  672713K->26585K(1329664K), 0.0035086 secs]
189.096: [GC (Allocation Failure)  650201K->26561K(1302016K), 0.0038296 secs]
192.322: [GC (Allocation Failure)  628673K->26569K(1287168K), 0.0031782 secs]
195.404: [GC (Allocation Failure)  608201K->26681K(1261568K), 0.0027735 secs]
199.073: [GC (Allocation Failure)  588345K->26609K(1247232K), 0.0049137 secs]
203.032: [GC (Allocation Failure)  569329K->26617K(1224704K), 0.0065050 secs]
206.651: [GC (Allocation Failure)  551417K->27017K(1211392K), 0.0057301 secs]
210.540: [GC (Allocation Failure)  534409K->27025K(1190912K), 0.0068267 secs]
214.248: [GC (Allocation Failure)  518033K->27041K(1178112K), 0.0061553 secs]
217.560: [GC (Allocation Failure)  502177K->27049K(1160192K), 0.0073090 secs]
221.119: [GC (Allocation Failure)  487337K->27057K(1148416K), 0.0032675 secs]
224.388: [GC (Allocation Failure)  473009K->27065K(1132032K), 0.0047459 secs]
227.603: [GC (Allocation Failure)  459193K->27177K(1121280K), 0.0088689 secs]
230.244: [GC (Allocation Failure)  445993K->27089K(1105920K), 0.0041799 secs]
232.540: [GC (Allocation Failure)  433105K->27113K(1095680K), 0.0042882 secs]
234.848: [GC (Allocation Failure)  420841K->27193K(1081856K), 0.0036796 secs]
237.134: [GC (Allocation Failure)  409145K->27137K(1072128K), 0.0049798 secs]
239.917: [GC (Allocation Failure)  397825K->27185K(1059840K), 0.0022160 secs]
242.536: [GC (Allocation Failure)  387121K->27161K(1051136K), 0.0056520 secs]
245.053: [GC (Allocation Failure)  376857K->27169K(1326080K), 0.0038502 secs]
249.137: [GC (Allocation Failure)  653345K->27177K(1305088K), 0.0055593 secs]
253.614: [GC (Allocation Failure)  631337K->27273K(1283072K), 0.0029890 secs]
258.070: [GC (Allocation Failure)  610441K->27217K(1264128K), 0.0074348 secs]
262.318: [GC (Allocation Failure)  590417K->27225K(1244160K), 0.0047574 secs]
265.864: [GC (Allocation Failure)  571481K->27233K(1227264K), 0.0048411 secs]
269.640: [GC (Allocation Failure)  553569K->27241K(1208832K), 0.0058989 secs]
273.049: [GC (Allocation Failure)  536169K->27249K(1192960K), 0.0069491 secs]
276.836: [GC (Allocation Failure)  519793K->27257K(1176576K), 0.0046092 secs]
280.286: [GC (Allocation Failure)  503929K->27297K(1161728K), 0.0064179 secs]
283.375: [GC (Allocation Failure)  488609K->27273K(1146880K), 0.0106991 secs]
286.047: [GC (Allocation Failure)  474249K->27281K(1133568K), 0.0057778 secs]
288.755: [GC (Allocation Failure)  460433K->27305K(1119744K), 0.0039375 secs]
291.731: [GC (Allocation Failure)  447145K->27377K(1107456K), 0.0056961 secs]
294.760: [GC (Allocation Failure)  434417K->27321K(1094656K), 0.0079513 secs]
297.468: [GC (Allocation Failure)  422073K->27329K(1083392K), 0.0060424 secs]
299.716: [GC (Allocation Failure)  410305K->27345K(1071616K), 0.0069455 secs]
302.061: [GC (Allocation Failure)  399057K->27361K(1060864K), 0.0033457 secs]
304.379: [GC (Allocation Failure)  388321K->27409K(1050624K), 0.0059830 secs]
306.865: [GC (Allocation Failure)  378129K->27385K(1323520K), 0.0052246 secs]
311.552: [GC (Allocation Failure)  651001K->27473K(1302016K), 0.0029984 secs]
315.853: [GC (Allocation Failure)  629585K->27417K(1281536K), 0.0038330 secs]
319.748: [GC (Allocation Failure)  609049K->27489K(1261568K), 0.0079997 secs]
323.492: [GC (Allocation Failure)  589153K->27529K(1242624K), 0.0075353 secs]
327.108: [GC (Allocation Failure)  570249K->27577K(1224704K), 0.0056460 secs]
331.152: [GC (Allocation Failure)  552377K->27553K(1207296K), 0.0045201 secs]
335.055: [GC (Allocation Failure)  534945K->27609K(1190912K), 0.0040974 secs]
338.268: [GC (Allocation Failure)  518617K->27665K(1175040K), 0.0037962 secs]
341.293: [GC (Allocation Failure)  502801K->27649K(1160192K), 0.0079673 secs]
344.927: [GC (Allocation Failure)  487937K->27649K(1145856K), 0.0053437 secs]
347.996: [GC (Allocation Failure)  473601K->27657K(1132032K), 0.0032938 secs]
350.887: [GC (Allocation Failure)  459785K->27705K(1118720K), 0.0032737 secs]
353.814: [GC (Allocation Failure)  446521K->27753K(1105920K), 0.0033222 secs]
357.104: [GC (Allocation Failure)  433769K->27697K(1093632K), 0.0059335 secs]
359.865: [GC (Allocation Failure)  421425K->27705K(1081856K), 0.0038642 secs]
362.845: [GC (Allocation Failure)  409657K->27753K(1070592K), 0.0040290 secs]
365.260: [GC (Allocation Failure)  398441K->27729K(1059840K), 0.0031593 secs]
367.376: [GC (Allocation Failure)  387665K->27737K(1049600K), 0.0139868 secs]
369.786: [GC (Allocation Failure)  377433K->27769K(1323520K), 0.0037716 secs]
374.039: [GC (Allocation Failure)  651385K->27825K(1302016K), 0.0019665 secs]
377.508: [GC (Allocation Failure)  629937K->27841K(1281536K), 0.0022379 secs]
380.805: [GC (Allocation Failure)  609473K->27833K(1261568K), 0.0028462 secs]
383.921: [GC (Allocation Failure)  589497K->27881K(1242624K), 0.0046128 secs]
386.969: [GC (Allocation Failure)  570601K->27897K(1224704K), 0.0041666 secs]
389.955: [GC (Allocation Failure)  552697K->27913K(1207296K), 0.0021913 secs]
393.361: [GC (Allocation Failure)  535305K->27889K(1190912K), 0.0031912 secs]
396.787: [GC (Allocation Failure)  518897K->27897K(1175040K), 0.0070036 secs]
399.995: [GC (Allocation Failure)  503033K->27905K(1160192K), 0.0056291 secs]
403.393: [GC (Allocation Failure)  488193K->27913K(1145856K), 0.0058948 secs]
407.034: [GC (Allocation Failure)  473865K->27961K(1132032K), 0.0061450 secs]
410.000: [GC (Allocation Failure)  460089K->28009K(1118720K), 0.0079963 secs]
413.112: [GC (Allocation Failure)  446825K->28057K(1105920K), 0.0085931 secs]
416.006: [GC (Allocation Failure)  434073K->28033K(1093632K), 0.0052414 secs]
418.924: [GC (Allocation Failure)  421761K->28041K(1081856K), 0.0037437 secs]
421.894: [GC (Allocation Failure)  409993K->28089K(1070592K), 0.0057008 secs]
424.416: [GC (Allocation Failure)  398777K->28065K(1059840K), 0.0050650 secs]
426.534: [GC (Allocation Failure)  388001K->28073K(1049600K), 0.0039167 secs]
428.724: [GC (Allocation Failure)  377769K->28081K(1323520K), 0.0066000 secs]
432.269: [GC (Allocation Failure)  651697K->28193K(1302016K), 0.0029414 secs]
435.793: [GC (Allocation Failure)  630305K->28209K(1281536K), 0.0044154 secs]
439.285: [GC (Allocation Failure)  609841K->28225K(1261568K), 0.0034158 secs]
442.584: [GC (Allocation Failure)  589889K->28273K(1242624K), 0.0021650 secs]
446.265: [GC (Allocation Failure)  570993K->28289K(1224704K), 0.0025597 secs]
449.425: [GC (Allocation Failure)  553089K->28265K(1207296K), 0.0036905 secs]
452.780: [GC (Allocation Failure)  535657K->28273K(1190912K), 0.0053217 secs]
456.083: [GC (Allocation Failure)  519281K->28489K(1175040K), 0.0034330 secs]
459.352: [GC (Allocation Failure)  503625K->28457K(1160192K), 0.0057717 secs]
462.400: [GC (Allocation Failure)  488745K->28673K(1145856K), 0.0080302 secs]
465.686: [GC (Allocation Failure)  474625K->28737K(1132032K), 0.0050577 secs]
468.728: [GC (Allocation Failure)  460865K->28785K(1118720K), 0.0028757 secs]
471.638: [GC (Allocation Failure)  447601K->28761K(1105920K), 0.0061103 secs]
474.456: [GC (Allocation Failure)  434777K->28785K(1093632K), 0.0066082 secs]
477.010: [GC (Allocation Failure)  422513K->28801K(1081856K), 0.0039767 secs]
479.837: [GC (Allocation Failure)  410753K->28809K(1070592K), 0.0046001 secs]
482.533: [GC (Allocation Failure)  399497K->28913K(1059840K), 0.0059381 secs]
485.163: [GC (Allocation Failure)  388849K->29001K(1049600K), 0.0041939 secs]
487.461: [GC (Allocation Failure)  378697K->29025K(1323520K), 0.0037937 secs]
491.632: [GC (Allocation Failure)  652641K->29001K(1302016K), 0.0058642 secs]
495.482: [GC (Allocation Failure)  631113K->29009K(1281536K), 0.0046324 secs]
499.612: [GC (Allocation Failure)  610641K->29057K(1261568K), 0.0112050 secs]
503.761: [GC (Allocation Failure)  590721K->29033K(1242624K), 0.0070336 secs]
507.965: [GC (Allocation Failure)  571753K->29041K(1224704K), 0.0080249 secs]
511.832: [GC (Allocation Failure)  553841K->29049K(1207296K), 0.0089139 secs]
515.249: [GC (Allocation Failure)  536441K->29057K(1190912K), 0.0046045 secs]
518.581: [GC (Allocation Failure)  520065K->29065K(1175040K), 0.0130243 secs]
521.496: [GC (Allocation Failure)  504201K->29105K(1160192K), 0.0036656 secs]
524.662: [GC (Allocation Failure)  489393K->29081K(1145856K), 0.0063297 secs]
527.927: [GC (Allocation Failure)  475033K->29105K(1132032K), 0.0042595 secs]
531.218: [GC (Allocation Failure)  461233K->29113K(1118720K), 0.0050281 secs]
534.185: [GC (Allocation Failure)  447929K->29161K(1105920K), 0.0092173 secs]
537.226: [GC (Allocation Failure)  435177K->29337K(1093632K), 0.0044143 secs]
539.777: [GC (Allocation Failure)  423065K->29425K(1081856K), 0.0075153 secs]
542.269: [GC (Allocation Failure)  411377K->29457K(1070592K), 0.0048986 secs]
544.534: [GC (Allocation Failure)  400145K->29641K(1059840K), 0.0059183 secs]
546.852: [GC (Allocation Failure)  389577K->29809K(1049600K), 0.0075191 secs]
548.971: [GC (Allocation Failure)  379505K->29881K(1323520K), 0.0029697 secs]
552.793: [GC (Allocation Failure)  653497K->29865K(1302016K), 0.0028281 secs]
557.156: [GC (Allocation Failure)  631977K->29865K(1281536K), 0.0049124 secs]
560.664: [GC (Allocation Failure)  611497K->29913K(1261568K), 0.0050399 secs]
564.506: [GC (Allocation Failure)  591577K->29921K(1242624K), 0.0104601 secs]
568.163: [GC (Allocation Failure)  572641K->29897K(1224704K), 0.0091996 secs]
571.542: [GC (Allocation Failure)  554697K->30033K(1207296K), 0.0085959 secs]
574.568: [GC (Allocation Failure)  537425K->30041K(1190912K), 0.0141720 secs]
577.389: [GC (Allocation Failure)  521049K->30089K(1175040K), 0.0065103 secs]
580.719: [GC (Allocation Failure)  505225K-[Weak Resource Cleaner: Cleaning...58[Weak Resource Cleaner: Cleaning...]
[Weak Resource Cleaner: Cleaning...]
[Weak Resource Cleaner: Cleaning...]
[Weak Resource Cleaner: Cleaning...]
[Weak Resource Cleaner: Cleaning...]
[Weak Resource Cleaner: Cleaning...]
[Weak Resource Cleaner: Cleaning...]
[Weak Resource Cleaner: Cleaning...]
[Weak Resource Cleaner: Cleaning...]
[Weak Resource Cleaner: Cleaning...]
[Weak Resource Cleaner: Cleaning...]
[Weak Resource Cleaner: Cleaning...]
[Weak Resource Cleaner: Cleaning...]
[Weak Resource Cleaner: Cleaning...]
[Weak Resource Cleaner: Cleaning...]
[Weak Resource Cleaner: Cleaning...]
[Weak Resource Cleaner: Cleaning...]
[Weak Resource Cleaner: Cleaning...]
[Weak Resource Cleaner: Cleaning...]
[Weak Resource Cleaner: Cleaning...]
[Weak Resource Cleaner: Cleaning...]
[Weak Resource Cleaner: Cleaning...]
[Weak Resource Cleaner: Cleaning...]
[Weak Resource Cleaner: Cleaning...]
[Weak Resource Cleaner: Cleaning...]
[Weak Resource Cleaner: Cleaning...]
[Weak Resource Cleaner: Cleaning...]
[Weak Resource Cleaner: Cleaning...]
[Weak Resource Cleaner: Cleaning...]
[Weak Resource Cleaner: Cleaning...]
[Weak Resource Cleaner: Cleaning...]
[Weak Resource Cleaner: Cleaning...]
[Weak Resource Cleaner: Cleaning...]
[Weak Resource Cleaner: Cleaning...]
[Weak Resource Cleaner: Cleaning...]
[Weak Resource Cleaner: Cleaning...]
[Weak Resource Cleaner: Cleaning...]
[Weak Resource Cleaner: Cleaning...]
[Weak Resource Cleaner: Cleaning...]
[Weak Resource Cleaner: Cleaning...]
[Weak Resource Cleaner: Cleaning...]
[Weak Resource Cleaner: Cleaning...]
[Weak Resource Cleaner: Cleaning...]
[Weak Resource Cleaner: Cleaning...]
[Weak Resource Cleaner: Cleaning...]
[Weak Resource Cleaner: Cleaning...]
[Weak Resource Cleaner: Cleaning...]
[Weak Resource Cleaner: Cleaning...]
[Weak Resource Cleaner: Cleaning...]
[Weak Resource Cleaner: Cleaning...]
[Weak Resource Cleaner: Cleaning...]
[Weak Resource Cleaner: Cleaning...]
[Weak Resource Cleaner: Cleaning...]
[Weak Resource Cleaner: Cleaning...]
[Weak Resource Cleaner: Cleaning...]
[Weak Resource Cleaner: Cleaning...]
[Weak Resource Cleaner: Cleaning...]
[Weak Resource Cleaner: Cleaning...]
[Weak Resource Cleaner: Cleaning...]
[Weak Resource Cleaner: Cleaning...]
[Weak Resource Cleaner: Cleaning...]
[Weak Resource Cleaner: Cleaning...]
[Weak Resource Cleaner: Cleaning...]
[Weak Resource Cleaner: Cleaning...]
[Weak Resource Cleaner: Cleaning...]
[Weak Resource Cleaner: Cleaning...]
[Weak Resource Cleaner: Cleaning...]
[Weak Resource Cleaner: Cleaning...]
[Weak Resource Cleaner: Cleaning...]
[Weak Resource Cleaner: Cleaning...]
[Weak Resource Cleaner: Cleaning...]
[Weak Resource Cleaner: Cleaning...]
[Weak Resource Cleaner: Cleaning...]
[Weak Resource Cleaner: Cleaning...]
[Weak Resource Cleaner: Cleaning...]
[Weak Resource Cleaner: Cleaning...]
[Weak Resource Cleaner: Cleaning...]
[Weak Resource Cleaner: Cleaning...]
[Weak Resource Cleaner: Cleaning...]
[Weak Resource Cleaner: Cleaning...]
[Weak Resource Cleaner: Cleaning...]
[Weak Resource Cleaner: Cleaning...]
[Weak Resource Cleaner: Cleaning...]
[Weak Resource Cleaner: Cleaning...]
[Weak Resource Cleaner: Cleaning...]
[Weak Resource Cleaner: Cleaning...]
[Weak Resource Cleaner: Cleaning...]
[Weak Resource Cleaner: Cleaning...]
[Weak Resource Cleaner: Cleaning...]
[Weak Resource Cleaner: Cleaning...]
[Weak Resource Cleaner: Cleaning...]
[Weak Resource Cleaner: Cleaning...]
[Weak Resource Cleaner: Cleaning...]
[Weak Resource Cleaner: Cleaning...]
[Weak Resource Cleaner: Cleaning...]
[Weak Resource Cleaner: Cleaning...]
[Weak Resource Cleaner: Cleaning...]
[Weak Resource Cleaner: Cleaning...]
[Weak Resource Cleaner: Cleaning...]
[Weak Resource Cleaner: Cleaning...]
[Weak Resource Cleaner: Cleaning...]
[Weak Resource Cleaner: Cleaning...]
[Weak Resource Cleaner: Cleaning...]
[Weak Resource Cleaner: Cleaning...]
[Weak Resource Cleaner: Cleaning...]
[Weak Resource Cleaner: Cleaning...]
[Weak Resource Cleaner: Cleaning...]
[Weak Resource Cleaner: Cleaning...]
[Weak Resource Cleaner: Cleaning...]
[Weak Resource Cleaner: Cleaning...]
[Weak Resource Cleaner: Cleaning...]
[Weak Resource Cleaner: Cleaning...]
[Weak Resource Cleaner: Cleaning...]
[Weak Resource Cleaner: Cleaning...]
[Weak Resource Cleaner: Cleaning...]
[Weak Resource Cleaner: Cleaning...]
[Weak Resource Cleaner: Cleaning...]
[Weak Resource Cleaner: Cleaning...]
[Weak Resource Cleaner: Cleaning...]
[Weak Resource Cleaner: Cleaning...]
[Weak Resource Cleaner: Cleaning...]
[Weak Resource Cleaner: Cleaning...]
[Weak Resource Cleaner: Cleaning...]
[Weak Resource Cleaner: Cleaning...]
[Weak Resource Cleaner: Cleaning...]
[Weak Resource Cleaner: Cleaning...]
[Weak Resource Cleaner: Cleaning...]
[Weak Resource Cleaner: Cleaning...]
[Weak Resource Cleaner: Cleaning...]
[Weak Resource Cleaner: Cleaning...]
[Weak Resource Cleaner: Cleaning...]
[Weak Resource Cleaner: Cleaning...]
[Weak Resource Cleaner: Cleaning...]
[Weak Resource Cleaner: Cleaning...]
[Weak Resource Cleaner: Cleaning...]
[Weak Resource Cleaner: Cleaning...]
[Weak Resource Cleaner: Cleaning...]
[Weak Resource Cleaner: Cleaning...]
[Weak Resource Cleaner: Cleaning...]
[Weak Resource Cleaner: Cleaning...]
[Weak Resource Cleaner: Cleaning...]
[Weak Resource Cleaner: Cleaning...]
[Weak Resource Cleaner: Cleaning...]
[Weak Resource Cleaner: Cleaning...]
[Weak Resource Cleaner: Cleaning...]
[Weak Resource Cleaner: Cleaning...]
[Weak Resource Cleaner: Cleaning...]
[Weak Resource Cleaner: Cleaning...]
[Weak Resource Cleaner: Cleaning...]
[Weak Resource Cleaner: Cleaning...]
[Weak Resource Cleaner: Cleaning...]
[Weak Resource Cleaner: Cleaning...]
[Weak Resource Cleaner: Cleaning...]
[Weak Resource Cleaner: Cleaning...]
[Weak Resource Cleaner: Cleaning...]
[Weak Resource Cleaner: Cleaning...]
[Weak Resource Cleaner: Cleaning...]
[Weak Resource Cleaner: Cleaning...]
[Weak Resource Cleaner: Cleaning...]
[Weak Resource Cleaner: Cleaning...]
[Weak Resource Cleaner: Cleaning...]
[Weak Resource Cleaner: Cleaning...]
[Weak Resource Cleaner: Cleaning...]
[Weak Resource Cleaner: Cleaning...]
[Weak Resource Cleaner: Cleaning...]
[Weak Resource Cleaner: Cleaning...]
[Weak Resource Cleaner: Cleaning...]
[Weak Resource Cleaner: Cleaning...]
[Weak Resource Cleaner: Cleaning...]
[Weak Resource Cleaner: Cleaning...]
[Weak Resource Cleaner: Cleaning...]
[Weak Resource Cleaner: Cleaning...]
[Weak Resource Cleaner: Cleaning...]
[Weak Resource Cleaner: Cleaning...]
[Weak Resource Cleaner: Cleaning...]
[Weak Resource Cleaner: Cleaning...]
[Weak Resource Cleaner: Cleaning...]
[Weak Resource Cleaner: Cleaning...]
[Weak Resource Cleaner: Cleaning...]
[Weak Resource Cleaner: Cleaning...]
[Weak Resource Cleaner: Cleaning...]
[Weak Resource Cleaner: Cleaning...]
[Weak Resource Cleaner: Cleaning...]
[Weak Resource Cleaner: Cleaning...]
[Weak Resource Cleaner: Cleaning...]
[Weak Resource Cleaner: Cleaning...]
[Weak Resource Cleaner: Cleaning...]
[Weak Resource Cleaner: Cleaning...]
[Weak Resource Cleaner: Cleaning...]
[Weak Resource Cleaner: Cleaning...]
[Weak Resource Cleaner: Cleaning...]
[Weak Resource Cleaner: Cleaning...]
[Weak Resource Cleaner: Cleaning...]
[Weak Resource Cleaner: Cleaning...]
[Weak Resource Cleaner: Cleaning...]
[Weak Resource Cleaner: Cleaning...]
[Weak Resource Cleaner: Cleaning...]
[Weak Resource Cleaner: Cleaning...]
[Weak Resource Cleaner: Cleaning...]
[Weak Resource Cleaner: Cleaning...]
[Weak Resource Cleaner: Cleaning...]
[Weak Resource Cleaner: Cleaning...]
[Weak Resource Cleaner: Cleaning...]
[Weak Resource Cleaner: Cleaning...]
[Weak Resource Cleaner: Cleaning...]
[Weak Resource Cleaner: Cleaning...]
[Weak Resource Cleaner: Cleaning...]
[Weak Resource Cleaner: Cleaning...]
[Weak Resource Cleaner: Cleaning...]
[Weak Resource Cleaner: Cleaning...]
[Weak Resource Cleaner: Cleaning...]
[Weak Resource Cleaner: Cleaning...]
[Weak Resource Cleaner: Cleaning...]
[Weak Resource Cleaner: Cleaning...]
[Weak Resource Cleaner: Cleaning...]
[Weak Resource Cleaner: Cleaning...]
[Weak Resource Cleaner: Cleaning...]
[Weak Resource Cleaner: Cleaning...]
[Weak Resource Cleaner: Cleaning...]
[Weak Resource Cleaner: Cleaning...]
[Weak Resource Cleaner: Cleaning...]
[Weak Resource Cleaner: Cleaning...]
[Weak Resource Cleaner: Cleaning...]
[Weak Resource Cleaner: Cleaning...]
[Weak Resource Cleaner: Cleaning...]
[Weak Resource Cleaner: Cleaning...]
[Weak Resource Cleaner: Cleaning...]
[Weak Resource Cleaner: Cleaning...]
[Weak Resource Cleaner: Cleaning...]
[Weak Resource Cleaner: Cleaning...]
[Weak Resource Cleaner: Cleaning...]
[Weak Resource Cleaner: Cleaning...]
[Weak Resource Cleaner: Cleaning...]
[Weak Resource Cleaner: Cleaning...]
[Weak Resource Cleaner: Cleaning...]
[Weak Resource Cleaner: Cleaning...]
[Weak Resource Cleaner: Cleaning...]
[Weak Resource Cleaner: Cleaning...]
[Weak Resource Cleaner: Cleaning...]
[Weak Resource Cleaner: Cleaning...]
[Weak Resource Cleaner: Cleaning...]
[Weak Resource Cleaner: Cleaning...]
[Weak Resource Cleaner: Cleaning...]
[Weak Resource Cleaner: Cleaning...]
[Weak Resource Cleaner: Cleaning...]
[Weak Resource Cleaner: Cleaning...]
[Weak Resource Cleaner: Cleaning...]
[Weak Resource Cleaner: Cleaning...]
[Weak Resource Cleaner: Cleaning...]
[Weak Resource Cleaner: Cleaning...]
[Weak Resource Cleaner: Cleaning...]
[Weak Resource Cleaner: Cleaning...]
[Weak Resource Cleaner: Cleaning...]
[Weak Resource Cleaner: Cleaning...]
[Weak Resource Cleaner: Cleaning...]
[Weak Resource Cleaner: Cleaning...]
[Weak Resource Cleaner: Cleaning...]
[Weak Resource Cleaner: Cleaning...]
[Weak Resource Cleaner: Cleaning...]
[Weak Resource Cleaner: Cleaning...]
[Weak Resource Cleaner: Cleaning...]
[Weak Resource Cleaner: Cleaning...]
[Weak Resource Cleaner: Cleaning...]
[Weak Resource Cleaner: Cleaning...]
[Weak Resource Cleaner: Cleaning...]
[Weak Resource Cleaner: Cleaning...]
[Weak Resource Cleaner: Cleaning...]
[Weak Resource Cleaner: Cleaning...]
[Weak Resource Cleaner: Cleaning...]
[Weak Resource Cleaner: Cleaning...]
[Weak Resource Cleaner: Cleaning...]
[Weak Resource Cleaner: Cleaning...]
[Weak Resource Cleaner: Cleaning...]
[Weak Resource Cleaner: Cleaning...]
[Weak Resource Cleaner: Cleaning...]
[Weak Resource Cleaner: Cleaning...]
[Weak Resource Cleaner: Cleaning...]
[Weak Resource Cleaner: Cleaning...]
[Weak Resource Cleaner: Cleaning...]
[Weak Resource Cleaner: Cleaning...]
[Weak Resource Cleaner: Cleaning...]
[Weak Resource Cleaner: Cleaning...]
[Weak Resource Cleaner: Cleaning...]
[Weak Resource Cleaner: Cleaning...]
[Weak Resource Cleaner: Cleaning...]
[Weak Resource Cleaner: Cleaning...]
[Weak Resource Cleaner: Cleaning...]
[Weak Resource Cleaner: Cleaning...]
[Weak Resource Cleaner: Cleaning...]
[Weak Resource Cleaner: Cleaning...]
[Weak Resource Cleaner: Cleaning...]
[Weak Resource Cleaner: Cleaning...]
[Weak Resource Cleaner: Cleaning...]
[Weak Resource Cleaner: Cleaning...]
[Weak Resource Cleaner: Cleaning...]
[Weak Resource Cleaner: Cleaning...]
[Weak Resource Cleaner: Cleaning...]
[Weak Resource Cleaner: Cleaning...]
[Weak Resource Cleaner: Cleaning...]
[Weak Resource Cleaner: Cleaning...]
[Weak Resource Cleaner: Cleaning...]
[Weak Resource Cleaner: Cleaning...]
[Weak Resource Cleaner: Cleaning...]
[Weak Resource Cleaner: Cleaning...]
[Weak Resource Cleaner: Cleaning...]
[Weak Resource Cleaner: Cleaning...]
[Weak Resource Cleaner: Cleaning...]
[Weak Resource Cleaner: Cleaning...]
[Weak Resource Cleaner: Cleaning...]
[Weak Resource Cleaner: Cleaning...]
[Weak Resource Cleaner: Cleaning...]
[Weak Resource Cleaner: Cleaning...]
[Weak Resource Cleaner: Cleaning...]
[Weak Resource Cleaner: Cleaning...]
[Weak Resource Cleaner: Cleaning...]
[Weak Resource Cleaner: Cleaning...]
[Weak Resource Cleaner: Cleaning...]
[Weak Resource Cleaner: Cleaning...]
[Weak Resource Cleaner: Cleaning...]
[Weak Resource Cleaner: Cleaning...]
[Weak Resource Cleaner: Cleaning...]
[Weak Resource Cleaner: Cleaning...]
[Weak Resource Cleaner: Cleaning...]
[Weak Resource Cleaner: Cleaning...]
[Weak Resource Cleaner: Cleaning...]
[Weak Resource Cleaner: Cleaning...]
[Weak Resource Cleaner: Cleaning...]
[Weak Resource Cleaner: Cleaning...]
[Weak Resource Cleaner: Cleaning...]
[Weak Resource Cleaner: Cleaning...]
[Weak Resource Cleaner: Cleaning...]
[Weak Resource Cleaner: Cleaning...]
[Weak Resource Cleaner: Cleaning...]
[Weak Resource Cleaner: Cleaning...]
[Weak Resource Cleaner: Cleaning...]
[Weak Resource Cleaner: Cleaning...]
[Weak Resource Cleaner: Cleaning...]
[Weak Resource Cleaner: Cleaning...]
[Weak Resource Cleaner: Cleaning...]
[Weak Resource Cleaner: Cleaning...]
[Weak Resource Cleaner: Cleaning...]
[Weak Resource Cleaner: Cleaning...]
[Weak Resource Cleaner: Cleaning...]
[Weak Resource Cleaner: Cleaning...]
[Weak Resource Cleaner: Cleaning...]
[Weak Resource Cleaner: Cleaning...]
[Weak Resource Cleaner: Cleaning...]
[Weak Resource Cleaner: Cleaning...]
[Weak Resource Cleaner: Cleaning...]
[Weak Resource Cleaner: Cleaning...]
[Weak Resource Cleaner: Cleaning...]
[Weak Resource Cleaner: Cleaning...]
[Weak Resource Cleaner: Cleaning...]
[Weak Resource Cleaner: Cleaning...]
[Weak Resource Cleaner: Cleaning...]
[Weak Resource Cleaner: Cleaning...]
[Weak Resource Cleaner: Cleaning...]
[Weak Resource Cleaner: Cleaning...]
[Weak Resource Cleaner: Cleaning...]
[Weak Resource Cleaner: Cleaning...]
[Weak Resource Cleaner: Cleaning...]
[Weak Resource Cleaner: Cleaning...]
[Weak Resource Cleaner: Cleaning...]
[Weak Resource Cleaner: Cleaning...]
[Weak Resource Cleaner: Cleaning...]
[Weak Resource Cleaner: Cleaning...]
[Weak Resource Cleaner: Cleaning...]
[Weak Resource Cleaner: Cleaning...]
[Weak Resource Cleaner: Cleaning...]
[Weak Resource Cleaner: Cleaning...]
[Weak Resource Cleaner: Cleaning...]
[Weak Resource Cleaner: Cleaning...]
[Weak Resource Cleaner: Cleaning...]
[Weak Resource Cleaner: Cleaning...]
[Weak Resource Cleaner: Cleaning...]
[Weak Resource Cleaner: Cleaning...]
[Weak Resource Cleaner: Cleaning...]
[Weak Resource Cleaner: Cleaning...]
[Weak Resource Cleaner: Cleaning...]
[Weak Resource Cleaner: Cleaning...]
[Weak Resource Cleaner: Cleaning...]
[Weak Resource Cleaner: Cleaning...]
[Weak Resource Cleaner: Cleaning...]
[Weak Resource Cleaner: Cleaning...]
[Weak Resource Cleaner: Cleaning...]
[Weak Resource Cleaner: Cleaning...]
[Weak Resource Cleaner: Cleaning...]
[Weak Resource Cleaner: Cleaning...]
[Weak Resource Cleaner: Cleaning...]
[Weak Resource Cleaner: Cleaning...]
[Weak Resource Cleaner: Cleaning...]
[Weak Resource Cleaner: Cleaning...]
[Weak Resource Cleaner: Cleaning...]
[Weak Resource Cleaner: Cleaning...]
[Weak Resource Cleaner: Cleaning...]
[Weak Resource Cleaner: Cleaning...]
[Weak Resource Cleaner: Cleaning...]
[Weak Resource Cleaner: Cleaning...]
[Weak Resource Cleaner: Cleaning...]
[Weak Resource Cleaner: Cleaning...]
[Weak Resource Cleaner: Cleaning...]
[Weak Resource Cleaner: Cleaning...]
[Weak Resource Cleaner: Cleaning...]
[Weak Resource Cleaner: Cleaning...]
[Weak Resource Cleaner: Cleaning...]
[Weak Resource Cleaner: Cleaning...]
[Weak Resource Cleaner: Cleaning...]
[Weak Resource Cleaner: Cleaning...]
[Weak Resource Cleaner: Cleaning...]
[Weak Resource Cleaner: Cleaning...]
[Weak Resource Cleaner: Cleaning...]
[Weak Resource Cleaner: Cleaning...]
[Weak Resource Cleaner: Cleaning...]
[RR Waiter for 7: Terminating thread: Thread-6[tid = 7]]
[Weak Resource Cleaner: Cleaning...]
[RR Waiter for 2: Terminating thread: Thread-1[tid = 2]]
[RR Waiter for 1: Terminating thread: Thread-0[tid = 1]]
[RR Waiter for 4: Terminating thread: Thread-3[tid = 4]]
[RR Waiter for 6: Terminating thread: Thread-5[tid = 6]]
[RR Waiter for 3: Terminating thread: Thread-2[tid = 3]]
[Weak Resource Cleaner: Cleaning...]
[RR Waiter for 8: Terminating thread: Thread-7[tid = 8]]
[Weak Resource Cleaner: Cleaning...]
[RR Waiter for 5: Terminating thread: Thread-4[tid = 5]]
tsp-8	2659887
Minimum tour length: 43
Minimum tour:0 -   10 -    11 -    2 -   7 -   3 -   13 -    12 -    6 -   5 -   14 -    4 -   8 -   1 -   15 -    9 -   0
[main: Terminating thread: main[tid = 0]]
[main: Tool Fini()]
[main: ]
[main: ----- ----- ----- -----      Thpthpthpth.     ----- ----- ----- -----]
[RR: 2.66e+03 sec]
[RR: Total Time: 2661455]
<entry>
  <date> Sat May 01 18:08:34 IST 2021 </date> 
  <mode> SLOW </mode> 
  <timeout> NO </timeout> 
  <options>
    <option><name> javaArgs </name>           <value> Tsp tspfiles/map16c 8  </value> </option>
    <option><name> noDecInline </name>        <value> false </value> </option>
    <option><name> quiet </name>              <value> false </value> </option>
    <option><name> logDepth </name>           <value> 100 </value> </option>
    <option><name> logs </name>               <value> log </value> </option>
    <option><name> out </name>                <value>  </value>   </option>
    <option><name> err </name>                <value>  </value>   </option>
    <option><name> noinst </name>             <value> false </value> </option>
    <option><name> inst </name>               <value> INST </value> </option>
    <option><name> infThreads </name>         <value> 0 </value>  </option>
    <option><name> benchmark </name>          <value> 0 </value>  </option>
    <option><name> fileType </name>           <value> true </value> </option>
    <option><name> transactionFile </name>    <value> transactionfile.csv </value> </option>
    <option><name> warmup </name>             <value> 3 </value>  </option>
    <option><name> availableProcessors </name> <value> 4 </value>  </option>
    <option><name> args </name>               <value> [] </value> </option>
    <option><name> d </name>                  <value> [] </value> </option>
    <option><name> maxYikes </name>           <value> 5 </value>  </option>
    <option><name> help </name>               <value> false </value> </option>
    <option><name> toolpath </name>           <value> /home/krishanu/temp4/aerodrome-roadrunner/classes/rr/simple:/home/krishanu/temp4/aerodrome-roadrunner/classes/tools </value> </option>
    <option><name> classpath </name>          <value> tsp.jar </value> </option>
    <option><name> tool </name>               <value> AD </value> </option>
    <option><name> tools </name>              <value> false </value> </option>
    <option><name> noxml </name>              <value> false </value> </option>
    <option><name> constantGC </name>         <value> false </value> </option>
    <option><name> noFP </name>               <value> true </value> </option>
    <option><name> noShutdownHook </name>     <value> false </value> </option>
    <option><name> noEnter </name>            <value> false </value> </option>
    <option><name> xml </name>                <value> log.xml </value> </option>
    <option><name> pulse </name>              <value>  </value>   </option>
    <option><name> maxTime </name>            <value> 0 </value>  </option>
    <option><name> maxMem </name>             <value> 10240 </value> </option>
    <option><name> maxTid </name>             <value> 16 </value> </option>
    <option><name> stacks </name>             <value> false </value> </option>
    <option><name> values </name>             <value> false </value> </option>
    <option><name> noTidGC </name>            <value> true </value> </option>
    <option><name> noEventReuse </name>       <value> false </value> </option>
    <option><name> trackMemoryUsage </name>   <value> false </value> </option>
    <option><name> repository </name>         <value>  </value>   </option>
    <option><name> meta </name>               <value> null </value> </option>
    <option><name> methods </name>            <value> [default=ACCEPT] </value> </option>
    <option><name> fields </name>             <value> ["-.*this\$.*", "-$.*__\$rr.*", default=ACCEPT] </value> </option>
    <option><name> lines </name>              <value> [default=ACCEPT] </value> </option>
    <option><name> classes </name>            <value> ["-java..*", "-javax..*", "-com.sun..*", "-sun..*", "-rr..*", "-tools..*", "-acme..*", "-.*__\$rr_.*", "-org.xml..*", default=ACCEPT] </value> </option>
    <option><name> shadowThread </name>       <value> ["-.*", default=ACCEPT] </value> </option>
    <option><name> noop </name>               <value> [default=ACCEPT] </value> </option>
    <option><name> noConstructor </name>      <value> false </value> </option>
    <option><name> noClone </name>            <value> false </value> </option>
    <option><name> dump </name>               <value>  </value>   </option>
    <option><name> field </name>              <value> FINE </value> </option>
    <option><name> fancy </name>              <value> false </value> </option>
    <option><name> verify </name>             <value> false </value> </option>
    <option><name> trackReflection </name>    <value> false </value> </option>
    <option><name> arraySites </name>         <value> false </value> </option>
    <option><name> Use TestAcquires </name>   <value> false </value> </option>
    <option><name> sanity </name>             <value> false </value> </option>
    <option><name> reentrantEvents </name>    <value> false </value> </option>
    <option><name> nojoin </name>             <value> false </value> </option>
    <option><name> multiLoader </name>        <value> false </value> </option>
    <option><name> indices </name>            <value> 2147483647 </value> </option>
    <option><name> updaters </name>           <value> SAFE </value> </option>
    <option><name> array </name>              <value> FINE </value> </option>
    <option><name> userArray </name>          <value> rr.state.ArrayStateCreator$1@511d50c0 </value> </option>
    <option><name> nobarrier </name>          <value> false </value> </option>
    <option><name> arrayCacheType </name>     <value> STRONG </value> </option>
    <option><name> callSites </name>          <value> false </value> </option>
    <option><name> maxWarn </name>            <value> 100 </value> </option>
    <option><name> noInterrupt </name>        <value> false </value> </option>
  </options>
  <system>
    <host> krishanu-Predator-G3-572 </host> 
    <name> java.vm.version </name>     <value> 25.292-b10 </value> 
    <name> java.vm.vendor </name>      <value> Private Build </value> 
    <name> java.vm.name </name>        <value> OpenJDK 64-Bit Server VM </value> 
    <name> java.class.path </name>     <value> .:/home/krishanu/temp4/aerodrome-roadrunner/build/jar/rragent.jar </value> 
    <name> os.name </name>             <value> Linux </value> 
    <name> os.arch </name>             <value> amd64 </value> 
    <name> os.version </name>          <value> 5.8.0-50-generic </value> 
    <name> user.name </name>           <value> krishanu </value> 
    <name> user.dir </name>            <value> /home/krishanu/temp4/aerodrome-roadrunner/benchmarks/tsp </value> 
    <availableProcs> 4 </availableProcs> 
    <memCommitted> 1131 </memCommitted> 
    <memUsed> 461 </memUsed> 
    <memTotal> 1131 </memTotal> 
    <compileTime> 7686 </compileTime> 
    <gc> <name> PS Scavenge </name> <time> 4952 </time> </gc>
    <gc> <name> PS MarkSweep </name> <time> 0 </time> </gc>
  </system>
  <instrumented> PrioQElement TourElement Tsp TspSolver harness/Callback  </instrumented> 
  <instrumentedNum> 5 </instrumentedNum> 
  <skipped>  </skipped> 
  <skippedNum> 0 </skippedNum> 
  <sanityChecked>  </sanityChecked> 
  <sanityCheckedNum> 0 </sanityCheckedNum> 
  <counters>

    <counter><name> "AD: Read" </name>                                   <value> 891,752,377 </value> </counter>
    <counter><name> "AD: Write" </name>                                  <value> 99,652,408 </value> </counter>
    <counter><name> "AD: Method Begin" </name>                           <value> 10,034,629 </value> </counter>
    <counter><name> "AD: Method End" </name>                             <value> 10,034,629 </value> </counter>
    <counter><name> "AD: Transaction Begin" </name>                      <value>     12,187 </value> </counter>
    <counter><name> "AD: Transaction End" </name>                        <value>     12,187 </value> </counter>
    <counter><name> "AD: Acquire" </name>                                <value>        411 </value> </counter>
    <counter><name> "AD: Release" </name>                                <value>        411 </value> </counter>
    <counter><name> "AD: Fork" </name>                                   <value>          8 </value> </counter>
    <counter><name> "AD: Join" </name>                                   <value>          8 </value> </counter>
    <counter><name> "AD: Other (Ignore)" </name>                         <value>          0 </value> </counter>
    <counter><name> "AD: Other (Ignore)" </name>                         <value> 25,311 </value> </counter>

    <counter><name> "ArrayStateFactory: Size" </name>                    <value> 260 </value> </counter>
    <counter><name> "ArrayStateFactory: Attic Move Time" </name>         <value> <total>0.00000</total> <count>0</count>  </value> </counter>
    <counter><name> "ArrayStateFactory: Attic Hits" </name>              <value> 0 </value> </counter>

    <counter><name> "Clone: Count" </name>                               <value> 0 </value> </counter>

    <counter><name> "GCRunner: Max Usage" </name>                        <value> 0 </value> </counter>

    <counter><name> "Handler: Count" </name>                             <value> 0 </value> </counter>

    <counter><name> "ShadowLock: objects" </name>                        <value> 2 </value> </counter>

    <counter><name> "ShadowThread: Count" </name>                        <value> 9 </value> </counter>
    <counter><name> "ShadowThread: Max Live" </name>                     <value> 9 </value> </counter>
    <counter><name> "ShadowThread: getCurrentThread() calls" </name>     <value> 20,078,516 </value> </counter>

    <counter><name> "Time: Instrumenter" </name>                         <value> <total>565.000</total> <count>5</count> <ave>113.000</ave> </value> </counter>
  </counters>
  <yikes>
  </yikes>
  <tool>
    <name> tools.aerodrome.AeroDromeTool </name> 
    <excluded method> TspSolver.run()V </excluded method> 
    <excluded method> Tsp.main([Ljava/lang/String;)V </excluded method> 
    <excluded method> TspSolver.Worker()V </excluded method> 
    <excluded method> TspSolver.recursive_solve(I)V </excluded method> 
    <excluded method> TspSolver.get_tour(I)I </excluded method> 
    <excluded method> TspSolver.find_solvable_tour()I </excluded method> 
    <excluded method> TspSolver.visit_nodes(I)V </excluded method> 
    <excluded method> TspSolver.split_tour(I)V </excluded method> 
  </tool>
  <tool>
    <name> Last </name> 
  </tool>
  <threadCount> 9 </threadCount> 
  <threadMaxActive> 9 </threadMaxActive> 
  <errorTotal> 0 </errorTotal> 
  <distinctErrorTotal> 0 </distinctErrorTotal> 
  <methods>
  </methods>
  <fields>
  </fields>
  <arrays>
  </arrays>
  <locks>
  </locks>
  <fieldAccesses>
  </fieldAccesses>
  <errorCountPerErrorType>
  </errorCountPerErrorType>
  <warningsTotal> 0 </warningsTotal> 
  <yikesTotal> 0 </yikesTotal> 
  <failed> false </failed> 
  <failedReason>  </failedReason> 
  <time> 2661455 </time> 
</entry>
[RR: Time = 2661455]
[RR: Exiting: 0]
92608K), 0.0042548 secs]
1690.692: [GC (Allocation Failure)  431121K->38457K(1081344K), 0.0033456 secs]
1693.109: [GC (Allocation Failure)  419897K->38473K(1070080K), 0.0034040 secs]
1695.358: [GC (Allocation Failure)  408649K->38481K(1059328K), 0.0036990 secs]
1697.618: [GC (Allocation Failure)  397905K->38513K(1049088K), 0.0023005 secs]
1699.792: [GC (Allocation Failure)  387697K->38489K(1320960K), 0.0046417 secs]
1704.010: [GC (Allocation Failure)  659545K->38497K(1299456K), 0.0041283 secs]
1707.673: [GC (Allocation Failure)  638049K->38537K(1278976K), 0.0032387 secs]
1711.145: [GC (Allocation Failure)  617609K->38545K(1259520K), 0.0045712 secs]
1714.554: [GC (Allocation Failure)  598161K->38569K(1240576K), 0.0032294 secs]
1717.995: [GC (Allocation Failure)  579241K->38577K(1222656K), 0.0055228 secs]
1721.655: [GC (Allocation Failure)  561329K->38617K(1205248K), 0.0065459 secs]
1725.007: [GC (Allocation Failure)  543961K->38617K(1188864K), 0.0065694 secs]
1728.615: [GC (Allocation Failure)  527577K->38657K(1172992K), 0.0032645 secs]
1731.716: [GC (Allocation Failure)  511745K->38633K(1158144K), 0.0055397 secs]
1734.443: [GC (Allocation Failure)  496873K->38673K(1143808K), 0.0037113 secs]
1737.425: [GC (Allocation Failure)  482577K->38713K(1129984K), 0.0041032 secs]
1740.345: [GC (Allocation Failure)  468793K->38721K(1116672K), 0.0025124 secs]
1743.177: [GC (Allocation Failure)  455489K->38697K(1104384K), 0.0041710 secs]
1745.864: [GC (Allocation Failure)  443177K->38705K(1092608K), 0.0030124 secs]
1748.923: [GC (Allocation Failure)  431409K->38713K(1081344K), 0.0054008 secs]
1751.524: [GC (Allocation Failure)  420153K->38721K(1070080K), 0.0056135 secs]
1754.524: [GC (Allocation Failure)  408897K->38729K(1059328K), 0.0049703 secs]
1757.012: [GC (Allocation Failure)  398153K->38777K(1049088K), 0.0029072 secs]
1759.380: [GC (Allocation Failure)  387961K->38785K(1320960K), 0.0043155 secs]
1763.271: [GC (Allocation Failure)  659841K->38873K(1299456K), 0.0032623 secs]
1767.421: [GC (Allocation Failure)  638425K->38857K(1278976K), 0.0033683 secs]
1771.663: [GC (Allocation Failure)  617929K->38897K(1259520K), 0.0048464 secs]
1775.460: [GC (Allocation Failure)  598513K->38873K(1240576K), 0.0061763 secs]
1778.756: [GC (Allocation Failure)  579545K->38881K(1222656K), 0.0041791 secs]
1781.881: [GC (Allocation Failure)  561633K->38889K(1205248K), 0.0046810 secs]
1784.781: [GC (Allocation Failure)  544233K->38937K(1188864K), 0.0032534 secs]
1787.464: [GC (Allocation Failure)  527897K->38913K(1172992K), 0.0042631 secs]
1790.213: [GC (Allocation Failure)  512001K->38993K(1158144K), 0.0028699 secs]
1792.693: [GC (Allocation Failure)  497233K->38977K(1143808K), 0.0033081 secs]
1795.325: [GC (Allocation Failure)  482881K->38985K(1129984K), 0.0042688 secs]
1797.749: [GC (Allocation Failure)  469065K->39033K(1116672K), 0.0024793 secs]
1800.098: [GC (Allocation Failure)  455801K->39025K(1104384K), 0.0048085 secs]
1802.404: [GC (Allocation Failure)  443505K->39041K(1092608K), 0.0053615 secs]
1805.023: [GC (Allocation Failure)  431745K->39057K(1081344K), 0.0049350 secs]
1807.433: [GC (Allocation Failure)  420497K->39065K(1070080K), 0.0041668 secs]
1809.533: [GC (Allocation Failure)  409241K->39129K(1059328K), 0.0024172 secs]
1811.896: [GC (Allocation Failure)  398553K->39113K(1049088K), 0.0050527 secs]
1813.905: [GC (Allocation Failure)  388297K->39217K(1320960K), 0.0026828 secs]
1817.992: [GC (Allocation Failure)  660273K->39201K(1299456K), 0.0027518 secs]
1821.496: [GC (Allocation Failure)  638753K->39193K(1278976K), 0.0055037 secs]
1824.734: [GC (Allocation Failure)  618265K->39257K(1259520K), 0.0030687 secs]
1828.051: [GC (Allocation Failure)  598873K->39281K(1240576K), 0.0032132 secs]
1831.253: [GC (Allocation Failure)  579953K->39329K(1222656K), 0.0057157 secs]
1834.255: [GC (Allocation Failure)  562081K->39337K(1205248K), 0.0046811 secs]
1837.033: [GC (Allocation Failure)  544681K->39417K(1188864K), 0.0029866 secs]
1839.872: [GC (Allocation Failure)  528377K->39417K(1172992K), 0.0031980 secs]
1842.666: [GC (Allocation Failure)  512505K->39553K(1158144K), 0.0070436 secs]
1845.457: [GC (Allocation Failure)  497793K->39561K(1143808K), 0.0033634 secs]
1848.049: [GC (Allocation Failure)  483465K->39697K(1129984K), 0.0033887 secs]
1850.412: [GC (Allocation Failure)  469777K->39681K(1116672K), 0.0049324 secs]
1852.785: [GC (Allocation Failure)  456449K->39705K(1104384K), 0.0039971 secs]
1855.124: [GC (Allocation Failure)  444185K->39753K(1092608K), 0.0027159 secs]
1857.414: [GC (Allocation Failure)  432457K->39729K(1081344K), 0.0037615 secs]
1859.528: [GC (Allocation Failure)  421169K->39865K(1070080K), 0.0040377 secs]
1861.471: [GC (Allocation Failure)  410041K->39881K(1059328K), 0.0043184 secs]
1863.522: [GC (Allocation Failure)  399305K->39857K(1049088K), 0.0051341 secs]
1865.754: [GC (Allocation Failure)  389041K->39905K(1320960K), 0.0038252 secs]
1869.470: [GC (Allocation Failure)  660961K->39945K(1299456K), 0.0045609 secs]
1873.399: [GC (Allocation Failure)  639497K->39953K(1278976K), 0.0058070 secs]
1877.320: [GC (Allocation Failure)  619025K->40025K(1259520K), 0.0057161 secs]
1880.658: [GC (Allocation Failure)  599641K->40105K(1240576K), 0.0114375 secs]
1884.787: [GC (Allocation Failure)  580777K->40073K(1222656K), 0.0046363 secs]
1888.814: [GC (Allocation Failure)  562825K->40089K(1205248K), 0.0073010 secs]
1892.192: [GC (Allocation Failure)  545433K->40121K(1188864K), 0.0047856 secs]
1895.900: [GC (Allocation Failure)  529081K->40129K(1172992K), 0.0048017 secs]
1899.012: [GC (Allocation Failure)  513217K->40137K(1158144K), 0.0046221 secs]
1902.196: [GC (Allocation Failure)  498377K->40217K(1143808K), 0.0048035 secs]
1905.199: [GC (Allocation Failure)  484121K->40201K(1129984K), 0.0057494 secs]
1908.049: [GC (Allocation Failure)  470281K->40209K(1116672K), 0.0042634 secs]
1910.914: [GC (Allocation Failure)  456977K->40233K(1104384K), 0.0042415 secs]
1913.794: [GC (Allocation Failure)  444713K->40249K(1092608K), 0.0031331 secs]
1916.430: [GC (Allocation Failure)  432953K->40257K(1081344K), 0.0036030 secs]
1918.843: [GC (Allocation Failure)  421697K->40273K(1070080K), 0.0040600 secs]
1921.423: [GC (Allocation Failure)  410449K->40289K(1059328K), 0.0063813 secs]
1923.857: [GC (Allocation Failure)  399713K->40297K(1049088K), 0.0039590 secs]
1925.854: [GC (Allocation Failure)  389481K->40321K(1320960K), 0.0042663 secs]
1929.339: [GC (Allocation Failure)  661377K->40329K(1299456K), 0.0072713 secs]
1933.397: [GC (Allocation Failure)  639881K->40345K(1278976K), 0.0043825 secs]
1936.403: [GC (Allocation Failure)  619417K->40361K(1259520K), 0.0035758 secs]
1939.716: [GC (Allocation Failure)  599977K->40425K(1240576K), 0.0037837 secs]
1943.078: [GC (Allocation Failure)  581097K->40433K(1222656K), 0.0033612 secs]
1946.259: [GC (Allocation Failure)  563185K->40409K(1205248K), 0.0052797 secs]
1948.935: [GC (Allocation Failure)  545753K->40417K(1188864K), 0.0027696 secs]
1951.920: [GC (Allocation Failure)  529377K->40465K(1172992K), 0.0037100 secs]
1954.329: [GC (Allocation Failure)  513553K->40481K(1158144K), 0.0028099 secs]
1957.165: [GC (Allocation Failure)  498721K->40489K(1143808K), 0.0044565 secs]
1959.804: [GC (Allocation Failure)  484393K->40497K(1129984K), 0.0042934 secs]
1962.009: [GC (Allocation Failure)  470577K->40505K(1116672K), 0.0047183 secs]
1964.388: [GC (Allocation Failure)  457273K->40537K(1104384K), 0.0062896 secs]
1967.059: [GC (Allocation Failure)  445017K->40545K(1092608K), 0.0063151 secs]
1969.560: [GC (Allocation Failure)  433249K->40577K(1081344K), 0.0050127 secs]
1971.884: [GC (Allocation Failure)  422017K->40585K(1070080K), 0.0034932 secs]
1974.110: [GC (Allocation Failure)  410761K->40593K(1059328K), 0.0042684 secs]
1976.421: [GC (Allocation Failure)  400017K->40633K(1049088K), 0.0052267 secs]
1978.857: [GC (Allocation Failure)  389817K->40657K(1320960K), 0.0054932 secs]
1982.200: [GC (Allocation Failure)  661713K->40641K(1299456K), 0.0043950 secs]
1986.384: [GC (Allocation Failure)  640193K->40657K(1278976K), 0.0048789 secs]
1989.977: [GC (Allocation Failure)  619729K->40697K(1259520K), 0.0035760 secs]
1993.720: [GC (Allocation Failure)  600313K->40689K(1240576K), 0.0051779 secs]
1997.264: [GC (Allocation Failure)  581361K->40697K(1222656K), 0.0062369 secs]
2001.108: [GC (Allocation Failure)  563449K->40721K(1205248K), 0.0043587 secs]
2004.555: [GC (Allocation Failure)  546065K->40737K(1188864K), 0.0029159 secs]
2007.524: [GC (Allocation Failure)  529697K->40785K(1172992K), 0.0021678 secs]
2010.300: [GC (Allocation Failure)  513873K->40809K(1158144K), 0.0023881 secs]
2013.000: [GC (Allocation Failure)  499049K->40817K(1143808K), 0.0030221 secs]
2015.810: [GC (Allocation Failure)  484721K->40857K(1129984K), 0.0022904 secs]
2018.516: [GC (Allocation Failure)  470937K->40833K(1116672K), 0.0037205 secs]
2021.145: [GC (Allocation Failure)  457601K->40873K(1104384K), 0.0032473 secs]
2023.853: [GC (Allocation Failure)  445353K->40849K(1092608K), 0.0053809 secs]
2026.459: [GC (Allocation Failure)  433553K->40857K(1081344K), 0.0048793 secs]
2029.466: [GC (Allocation Failure)  422297K->40873K(1070080K), 0.0053746 secs]
2031.801: [GC (Allocation Failure)  411049K->40881K(1059328K), 0.0061460 secs]
2034.313: [GC (Allocation Failure)  400305K->40889K(1049088K), 0.0052808 secs]
2036.461: [GC (Allocation Failure)  390073K->40897K(1320960K), 0.0049915 secs]
2040.534: [GC (Allocation Failure)  661953K->40905K(1299456K), 0.0042924 secs]
2044.138: [GC (Allocation Failure)  640457K->40945K(1278976K), 0.0034000 secs]
2047.318: [GC (Allocation Failure)  620017K->41001K(1259520K), 0.0021566 secs]
2050.734: [GC (Allocation Failure)  600617K->41017K(1240576K), 0.0041613 secs]
2054.005: [GC (Allocation Failure)  581689K->40993K(1222656K), 0.0047017 secs]
2057.159: [GC (Allocation Failure)  563745K->41001K(1205248K), 0.0052895 secs]
2060.389: [GC (Allocation Failure)  546345K->41049K(1188864K), 0.0062050 secs]
2063.699: [GC (Allocation Failure)  530009K->41033K(1172992K), 0.0063573 secs]
2066.740: [GC (Allocation Failure)  514121K->41097K(1158144K), 0.0033848 secs]
2069.538: [GC (Allocation Failure)  499337K->41073K(1143808K), 0.0037752 secs]
2072.688: [GC (Allocation Failure)  484977K->41105K(1129984K), 0.0027136 secs]
2075.373: [GC (Allocation Failure)  471185K->41113K(1116672K), 0.0035436 secs]
2077.860: [GC (Allocation Failure)  457881K->41121K(1104384K), 0.0036173 secs]
2080.480: [GC (Allocation Failure)  445601K->41153K(1092608K), 0.0037687 secs]
2083.079: [GC (Allocation Failure)  433857K->41209K(1081344K), 0.0035442 secs]
2085.680: [GC (Allocation Failure)  422649K->41185K(1070080K), 0.0054222 secs]
2088.048: [GC (Allocation Failure)  411361K->41193K(1059328K), 0.0036913 secs]
2090.116: [GC (Allocation Failure)  400617K->41241K(1049088K), 0.0036888 secs]
2092.593: [GC (Allocation Failure)  390425K->41249K(1320960K), 0.0036880 secs]
2096.817: [GC (Allocation Failure)  662305K->41289K(1299456K), 0.0037824 secs]
2100.442: [GC (Allocation Failure)  640841K->41265K(1278976K), 0.0053971 secs]
2104.303: [GC (Allocation Failure)  620337K->41297K(1259520K), 0.0044710 secs]
2107.747: [GC (Allocation Failure)  600913K->41345K(1240576K), 0.0029189 secs]
2110.845: [GC (Allocation Failure)  582017K->41433K(1222656K), 0.0030342 secs]
2113.960: [GC (Allocation Failure)  564185K->41409K(1205248K), 0.0046796 secs]
2116.925: [GC (Allocation Failure)  546753K->41425K(1188864K), 0.0042252 secs]
2119.602: [GC (Allocation Failure)  530385K->41537K(1172992K), 0.0040933 secs]
2122.836: [GC (Allocation Failure)  514625K->41513K(1158144K), 0.0050312 secs]
2125.572: [GC (Allocation Failure)  499753K->41521K(1143808K), 0.0053219 secs]
2128.644: [GC (Allocation Failure)  485425K->41633K(1129984K), 0.0041291 secs]
2131.351: [GC (Allocation Failure)  471713K->41641K(1116672K), 0.0070161 secs]
2134.348: [GC (Allocation Failure)  458409K->41633K(1104384K), 0.0055729 secs]
2137.319: [GC (Allocation Failure)  446113K->41649K(1092608K), 0.0054912 secs]
2140.294: [GC (Allocation Failure)  434353K->41657K(1081344K), 0.0040868 secs]
2142.859: [GC (Allocation Failure)  423097K->41665K(1070080K), 0.0042697 secs]
2145.605: [GC (Allocation Failure)  411841K->41713K(1059328K), 0.0071237 secs]
2147.941: [GC (Allocation Failure)  401137K->41689K(1049088K), 0.0034692 secs]
2150.308: [GC (Allocation Failure)  390873K->41697K(1320960K), 0.0052848 secs]
2153.756: [GC (Allocation Failure)  662753K->41705K(1299456K), 0.0061498 secs]
2157.176: [GC (Allocation Failure)  641257K->41753K(1278976K), 0.0027887 secs]
2160.405: [GC (Allocation Failure)  620825K->41769K(1259520K), 0.0022423 secs]
2163.956: [GC (Allocation Failure)  601385K->41753K(1240576K), 0.0055698 secs]
2167.046: [GC (Allocation Failure)  582425K->41801K(1222656K), 0.0027328 secs]
2170.085: [GC (Allocation Failure)  564553K->41801K(1205248K), 0.0043049 secs]
2173.600: [GC (Allocation Failure)  547145K->41809K(1188864K), 0.0054395 secs]
2176.695: [GC (Allocation Failure)  530769K->41841K(1172992K), 0.0041863 secs]
2179.940: [GC (Allocation Failure)  514929K->41881K(1158144K), 0.0044428 secs]
2182.959: [GC (Allocation Failure)  500121K->41913K(1143808K), 0.0027450 secs]
2185.570: [GC (Allocation Failure)  485817K->41889K(1129984K), 0.0043659 secs]
2188.186: [GC (Allocation Failure)  471969K->41937K(1116672K), 0.0073402 secs]
2190.755: [GC (Allocation Failure)  458705K->41953K(1104384K), 0.0039329 secs]
2193.361: [GC (Allocation Failure)  446433K->41953K(1092608K), 0.0044253 secs]
2196.033: [GC (Allocation Failure)  434657K->41961K(1081344K), 0.0041895 secs]
2198.467: [GC (Allocation Failure)  423401K->41969K(1070080K), 0.0043444 secs]
2200.921: [GC (Allocation Failure)  412145K->42001K(1059328K), 0.0043286 secs]
2203.423: [GC (Allocation Failure)  401425K->42017K(1049088K), 0.0025465 secs]
2206.036: [GC (Allocation Failure)  391201K->42025K(1320960K), 0.0027972 secs]
2209.856: [GC (Allocation Failure)  663081K->42097K(1299456K), 0.0027087 secs]
2213.165: [GC (Allocation Failure)  641649K->42041K(1278976K), 0.0029670 secs]
2216.434: [GC (Allocation Failure)  621113K->42081K(1259520K), 0.0049570 secs]
2219.899: [GC (Allocation Failure)  601697K->42081K(1240576K), 0.0052770 secs]
2223.470: [GC (Allocation Failure)  582753K->42113K(1222656K), 0.0044238 secs]
2226.872: [GC (Allocation Failure)  564865K->42129K(1205248K), 0.0028159 secs]
2230.090: [GC (Allocation Failure)  547473K->42137K(1188864K), 0.0037317 secs]
2233.631: [GC (Allocation Failure)  531097K->42161K(1172992K), 0.0056620 secs]
2236.934: [GC (Allocation Failure)  515249K->42169K(1158144K), 0.0053048 secs]
2239.905: [GC (Allocation Failure)  500409K->42177K(1143808K), 0.0043378 secs]
2242.893: [GC (Allocation Failure)  486081K->42185K(1129984K), 0.0043031 secs]
2245.635: [GC (Allocation Failure)  472265K->42225K(1116672K), 0.0051056 secs]
2248.700: [GC (Allocation Failure)  458993K->42225K(1104384K), 0.0055403 secs]
2251.878: [GC (Allocation Failure)  446705K->42233K(1092608K), 0.0080118 secs]
2254.497: [GC (Allocation Failure)  434937K->42241K(1081344K), 0.0052109 secs]
2256.580: [GC (Allocation Failure)  423681K->42281K(1070080K), 0.0044071 secs]
2258.932: [GC (Allocation Failure)  412457K->42313K(1059328K), 0.0078256 secs]
2261.975: [GC (Allocation Failure)  401737K->42321K(1049088K), 0.0078326 secs]
2264.489: [GC (Allocation Failure)  391505K->42329K(1320960K), 0.0069461 secs]
2268.554: [GC (Allocation Failure)  663385K->42377K(1299456K), 0.0041061 secs]
2272.931: [GC (Allocation Failure)  641929K->42377K(1278976K), 0.0049880 secs]
2277.196: [GC (Allocation Failure)  621449K->42385K(1259520K), 0.0062653 secs]
2280.539: [GC (Allocation Failure)  602001K->42393K(1240576K), 0.0064715 secs]
2283.796: [GC (Allocation Failure)  583065K->42441K(1222656K), 0.0033274 secs]
2287.385: [GC (Allocation Failure)  565193K->42457K(1205248K), 0.0050094 secs]
2291.048: [GC (Allocation Failure)  547801K->42489K(1188864K), 0.0045155 secs]
2293.995: [GC (Allocation Failure)  531449K->42473K(1172992K), 0.0047936 secs]
2296.856: [GC (Allocation Failure)  515561K->42505K(1158144K), 0.0084363 secs]
2299.668: [GC (Allocation Failure)  500745K->42513K(1143808K), 0.0078049 secs]
2302.794: [GC (Allocation Failure)  486417K->42561K(1129984K), 0.0037092 secs]
2306.005: [GC (Allocation Failure)  472641K->42577K(1116672K), 0.0047705 secs]
2308.391: [GC (Allocation Failure)  459345K->42569K(1104384K), 0.0067124 secs]
2310.782: [GC (Allocation Failure)  447049K->42585K(1092608K), 0.0067831 secs]
2313.048: [GC (Allocation Failure)  435289K->42625K(1081344K), 0.0046601 secs]
2315.424: [GC (Allocation Failure)  424065K->42681K(1070080K), 0.0041151 secs]
2317.891: [GC (Allocation Failure)  412857K->42697K(1059328K), 0.0046414 secs]
2320.144: [GC (Allocation Failure)  402121K->42729K(1049088K), 0.0080528 secs]
2322.823: [GC (Allocation Failure)  391913K->42761K(1320960K), 0.0038300 secs]
2326.605: [GC (Allocation Failure)  663817K->42817K(1299456K), 0.0052269 secs]
2330.421: [GC (Allocation Failure)  642369K->42881K(1278976K), 0.0145389 secs]
2334.462: [GC (Allocation Failure)  621953K->42905K(1259520K), 0.0122626 secs]
2337.997: [GC (Allocation Failure)  602521K->42945K(1240576K), 0.0177614 secs]
2341.812: [GC (Allocation Failure)  583617K->42953K(1222656K), 0.0149215 secs]
2345.539: [GC (Allocation Failure)  565705K->42929K(1205248K), 0.0063541 secs]
2349.163: [GC (Allocation Failure)  548273K->42937K(1188864K), 0.0082701 secs]
2352.467: [GC (Allocation Failure)  531897K->42945K(1172992K), 0.0063979 secs]
2355.791: [GC (Allocation Failure)  516033K->42993K(1158144K), 0.0066378 secs]
2358.925: [GC (Allocation Failure)  501233K->43025K(1143808K), 0.0071776 secs]
2361.500: [GC (Allocation Failure)  486929K->43041K(1129984K), 0.0056427 secs]
2364.372: [GC (Allocation Failure)  473121K->43033K(1116672K), 0.0055303 secs]
2367.108: [GC (Allocation Failure)  459801K->43057K(1104384K), 0.0066241 secs]
2369.569: [GC (Allocation Failure)  447537K->43097K(1092608K), 0.0036503 secs]
2372.423: [GC (Allocation Failure)  435801K->43145K(1081344K), 0.0044459 secs]
2375.092: [GC (Allocation Failure)  424585K->43153K(1070080K), 0.0061736 secs]
2377.642: [GC (Allocation Failure)  413329K->43193K(1059328K), 0.0079482 secs]
2380.418: [GC (Allocation Failure)  402617K->43169K(1049088K), 0.0051147 secs]
2382.781: [GC (Allocation Failure)  392353K->43217K(1320960K), 0.0102778 secs]
2387.104: [GC (Allocation Failure)  664273K->43217K(1299456K), 0.0049342 secs]
2390.958: [GC (Allocation Failure)  642769K->43257K(1278976K), 0.0074634 secs]
2395.090: [GC (Allocation Failure)  622329K->43281K(1259520K), 0.0153562 secs]
2399.165: [GC (Allocation Failure)  602897K->43273K(1240576K), 0.0044942 secs]
2402.718: [GC (Allocation Failure)  583945K->43297K(1222656K), 0.0049950 secs]
2406.012: [GC (Allocation Failure)  566049K->43345K(1205248K), 0.0034653 secs]
2409.271: [GC (Allocation Failure)  548689K->43361K(1188864K), 0.0070950 secs]
2413.061: [GC (Allocation Failure)  532321K->43369K(1172992K), 0.0121224 secs]
2416.183: [GC (Allocation Failure)  516457K->43409K(1158144K), 0.0034593 secs]
2419.220: [GC (Allocation Failure)  501649K->43401K(1143808K), 0.0073646 secs]
2422.053: [GC (Allocation Failure)  487305K->43441K(1129984K), 0.0107093 secs]
2424.805: [GC (Allocation Failure)  473521K->43473K(1116672K), 0.0033504 secs]
2426.991: [GC (Allocation Failure)  460241K->43449K(1104384K), 0.0053540 secs]
2429.046: [GC (Allocation Failure)  447929K->43457K(1092608K), 0.0030444 secs]
2430.892: [GC (Allocation Failure)  436161K->43505K(1081344K), 0.0045814 secs]
2433.391: [GC (Allocation Failure)  424945K->43529K(1070080K), 0.0052092 secs]
2436.108: [GC (Allocation Failure)  413705K->43545K(1059328K), 0.0042316 secs]
2438.575: [GC (Allocation Failure)  402969K->43553K(1049088K), 0.0042056 secs]
2441.342: [GC (Allocation Failure)  392737K->43601K(1320960K), 0.0034766 secs]
2445.249: [GC (Allocation Failure)  664657K->43681K(1299456K), 0.0052876 secs]
2448.325: [GC (Allocation Failure)  643233K->43649K(1278976K), 0.0038518 secs]
2451.300: [GC (Allocation Failure)  622721K->43761K(1259520K), 0.0024499 secs]
2454.119: [GC (Allocation Failure)  603377K->43745K(1240576K), 0.0036609 secs]
2457.134: [GC (Allocation Failure)  584417K->43857K(1222656K), 0.0047774 secs]
2459.871: [GC (Allocation Failure)  566609K->43889K(1205248K), 0.0031603 secs]
2463.364: [GC (Allocation Failure)  549233K->43945K(1188864K), 0.0075421 secs]
2466.843: [GC (Allocation Failure)  532905K->43937K(1172992K), 0.0044448 secs]
2470.404: [GC (Allocation Failure)  517025K->43913K(1158144K), 0.0054314 secs]
2473.556: [GC (Allocation Failure)  502153K->43921K(1143808K), 0.0043484 secs]
2476.392: [GC (Allocation Failure)  487825K->43929K(1129984K), 0.0103114 secs]
2479.167: [GC (Allocation Failure)  474009K->44017K(1116672K), 0.0075325 secs]
2481.826: [GC (Allocation Failure)  460785K->44065K(1104384K), 0.0061505 secs]
2484.557: [GC (Allocation Failure)  448545K->44121K(1092608K), 0.0030505 secs]
2487.588: [GC (Allocation Failure)  436825K->44105K(1081344K), 0.0039063 secs]
2490.032: [GC (Allocation Failure)  425545K->44153K(1070080K), 0.0024945 secs]
2492.356: [GC (Allocation Failure)  414329K->44145K(1059328K), 0.0060704 secs]
2494.914: [GC (Allocation Failure)  403569K->44185K(1049088K), 0.0062400 secs]
2497.292: [GC (Allocation Failure)  393369K->44281K(1320960K), 0.0088135 secs]
2501.205: [GC (Allocation Failure)  665337K->44265K(1299456K), 0.0056469 secs]
2505.131: [GC (Allocation Failure)  643817K->44345K(1278976K), 0.0033740 secs]
2508.660: [GC (Allocation Failure)  623417K->44353K(1259520K), 0.0087405 secs]
2512.852: [GC (Allocation Failure)  603969K->44385K(1240576K), 0.0033201 secs]
2516.460: [GC (Allocation Failure)  585057K->44377K(1222656K), 0.0070695 secs]
2519.691: [GC (Allocation Failure)  567129K->44385K(1205248K), 0.0055463 secs]
2522.635: [GC (Allocation Failure)  549729K->44433K(1188864K), 0.0035565 secs]
2526.236: [GC (Allocation Failure)  533393K->44425K(1172992K), 0.0055450 secs]
2529.396: [GC (Allocation Failure)  517513K->44433K(1158144K), 0.0063200 secs]
2532.843: [GC (Allocation Failure)  502673K->44441K(1143808K), 0.0038029 secs]
2535.467: [GC (Allocation Failure)  488345K->44489K(1129984K), 0.0035561 secs]
2538.551: [GC (Allocation Failure)  474569K->44537K(1116672K), 0.0053257 secs]
2541.713: [GC (Allocation Failure)  461305K->44545K(1104384K), 0.0036791 secs]
2544.812: [GC (Allocation Failure)  449025K->44545K(1092608K), 0.0047468 secs]
2547.421: [GC (Allocation Failure)  437249K->44553K(1081344K), 0.0056103 secs]
2550.436: [GC (Allocation Failure)  425993K->44569K(1070080K), 0.0047425 secs]
2552.808: [GC (Allocation Failure)  414745K->44585K(1059328K), 0.0045362 secs]
2555.143: [GC (Allocation Failure)  404009K->44633K(1049088K), 0.0067283 secs]
2557.953: [GC (Allocation Failure)  393817K->44641K(1320960K), 0.0095023 secs]
2562.520: [GC (Allocation Failure)  665697K->44681K(1299456K), 0.0051029 secs]
2567.188: [GC (Allocation Failure)  644233K->44737K(1278976K), 0.0063283 secs]
2571.971: [GC (Allocation Failure)  623809K->44737K(1259520K), 0.0073114 secs]
2576.087: [GC (Allocation Failure)  604353K->44745K(1240576K), 0.0058993 secs]
2580.199: [GC (Allocation Failure)  585417K->44793K(1222656K), 0.0057656 secs]
2584.066: [GC (Allocation Failure)  567545K->44841K(1205248K), 0.0023068 secs]
2587.630: [GC (Allocation Failure)  550185K->44833K(1188864K), 0.0086268 secs]
2591.252: [GC (Allocation Failure)  533793K->44865K(1172992K), 0.0035934 secs]
2594.560: [GC (Allocation Failure)  517953K->44921K(1158144K), 0.0022845 secs]
2597.804: [GC (Allocation Failure)  503161K->44881K(1143808K), 0.0072719 secs]
2600.902: [GC (Allocation Failure)  488785K->44929K(1129984K), 0.0075207 secs]
2604.104: [GC (Allocation Failure)  475009K->44961K(1116672K), 0.0145400 secs]
2607.023: [GC (Allocation Failure)  461729K->44977K(1104384K), 0.0048227 secs]
2609.958: [GC (Allocation Failure)  449457K->45065K(1092608K), 0.0026957 secs]
2612.519: [GC (Allocation Failure)  437769K->45097K(1081344K), 0.0046672 secs]
2615.207: [GC (Allocation Failure)  426537K->45073K(1070080K), 0.0053875 secs]
2617.578: [GC (Allocation Failure)  415249K->45145K(1059328K), 0.0051641 secs]
2619.762: [GC (Allocation Failure)  404569K->45193K(1049088K), 0.0049266 secs]
2622.347: [GC (Allocation Failure)  394377K->45209K(1320960K), 0.0067546 secs]
2626.754: [GC (Allocation Failure)  666265K->45265K(1299456K), 0.0051758 secs]
2630.665: [GC (Allocation Failure)  644817K->45345K(1278976K), 0.0141024 secs]
2634.716: [GC (Allocation Failure)  624417K->45337K(1259520K), 0.0054904 secs]
2639.714: [GC (Allocation Failure)  604953K->45337K(1240576K), 0.0052759 secs]
2643.906: [GC (Allocation Failure)  586009K->45345K(1222656K), 0.0046453 secs]
2647.765: [GC (Allocation Failure)  568097K->45377K(1205248K), 0.0044920 secs]
2651.509: [GC (Allocation Failure)  550721K->45385K(1188864K), 0.0096497 secs]
2655.540: [GC (Allocation Failure)  534345K->45377K(1172992K), 0.0088309 secs]
2659.181: [GC (Allocation Failure)  518465K->45393K(1158144K), 0.0029406 secs]
