OpenJDK 64-Bit Server VM (25.292-b10) for linux-amd64 JRE (1.8.0_292-8u292-b10-0ubuntu1~20.04-b10), built on Apr 21 2021 11:46:09 by "buildd" with gcc 9.3.0
Memory: 4k page, physical 8032296k(706684k free), swap 10634236k(10607844k free)
CommandLine flags: -XX:InitialHeapSize=1073741824 -XX:MaxHeapSize=3221225472 -XX:+PrintGC -XX:+PrintGCTimeStamps -XX:+UseCompressedClassPointers -XX:+UseCompressedOops -XX:+UseParallelGC 
6.390: [GC (Allocation Failure)  262144K->25768K(1005056K), 0.0561525 secs]
8.582: [GC (Allocation Failure)  287912K->26060K(1005056K), 0.0448246 secs]
10.432: [GC (Allocation Failure)  288204K->26040K(1005056K), 0.0374829 secs]
12.218: [GC (Allocation Failure)  288184K->26056K(1267200K), 0.0437542 secs]
15.855: [GC (Allocation Failure)  550344K->26040K(1267200K), 0.0589863 secs]
19.663: [GC (Allocation Failure)  550328K->26063K(1687040K), 0.0427732 secs]
26.512: [GC (Allocation Failure)  987599K->26137K(1687040K), 0.0419626 secs]
32.700: [GC (Allocation Failure)  987673K->26177K(1709056K), 0.0031459 secs]
39.150: [GC (Allocation Failure)  1004097K->26121K(1639424K), 0.0040699 secs]
45.341: [GC (Allocation Failure)  965641K->26129K(1603072K), 0.0057301 secs]
50.928: [GC (Allocation Failure)  929297K->26185K(1568256K), 0.0025987 secs]
56.628: [GC (Allocation Failure)  894537K->26161K(1534976K), 0.0048441 secs]
62.205: [GC (Allocation Failure)  861233K->26177K(1541120K), 0.0039598 secs]
67.602: [GC (Allocation Failure)  829505K->26185K(1473024K), 0.0077488 secs]
73.190: [GC (Allocation Failure)  799305K->26193K(1481216K), 0.0050387 secs]
78.520: [GC (Allocation Failure)  770641K->26209K(1417216K), 0.0049700 secs]
83.380: [GC (Allocation Failure)  743521K->26217K(1425920K), 0.0034913 secs]
88.396: [GC (Allocation Failure)  717417K->26225K(1366528K), 0.0064649 secs]
92.990: [GC (Allocation Failure)  692849K->26233K(1375232K), 0.0032497 secs]
97.093: [GC (Allocation Failure)  669305K->26337K(1320448K), 0.0054440 secs]
101.026: [GC (Allocation Failure)  646881K->26249K(1328128K), 0.0027171 secs]
104.632: [GC (Allocation Failure)  625289K->26265K(1278464K), 0.0042458 secs]
108.195: [GC (Allocation Failure)  604825K->26313K(1285632K), 0.0021536 secs]
111.536: [GC (Allocation Failure)  585417K->26329K(1240064K), 0.0052935 secs]
114.773: [GC (Allocation Failure)  566489K->26361K(1245696K), 0.0036554 secs]
118.021: [GC (Allocation Failure)  548601K->26337K(1205248K), 0.0059536 secs]
121.144: [GC (Allocation Failure)  531681K->26401K(1209856K), 0.0052506 secs]
124.342: [GC (Allocation Failure)  515361K->26377K(1172992K), 0.0064013 secs]
127.172: [GC (Allocation Failure)  499465K->26385K(1176576K), 0.0039848 secs]
130.016: [GC (Allocation Failure)  484625K->26393K(1143808K), 0.0046851 secs]
132.936: [GC (Allocation Failure)  470297K->26465K(1145856K), 0.0025026 secs]
135.694: [GC (Allocation Failure)  456545K->26409K(1116672K), 0.0043602 secs]
138.392: [GC (Allocation Failure)  443177K->26417K(1118208K), 0.0042502 secs]
141.019: [GC (Allocation Failure)  430897K->26425K(1092608K), 0.0047219 secs]
143.529: [GC (Allocation Failure)  419129K->26433K(1093120K), 0.0038744 secs]
146.036: [GC (Allocation Failure)  407873K->26449K(1070080K), 0.0042375 secs]
148.426: [GC (Allocation Failure)  396625K->26465K(1069568K), 0.0034658 secs]
150.663: [GC (Allocation Failure)  385889K->26473K(1049088K), 0.0046164 secs]
152.794: [GC (Allocation Failure)  375657K->26481K(1048064K), 0.0038967 secs]
154.754: [GC (Allocation Failure)  365937K->26489K(1321472K), 0.0064360 secs]
158.416: [GC (Allocation Failure)  648057K->26497K(1307648K), 0.0045523 secs]
161.842: [GC (Allocation Failure)  626561K->26537K(1279488K), 0.0050057 secs]
165.182: [GC (Allocation Failure)  606121K->26585K(1266176K), 0.0021241 secs]
168.316: [GC (Allocation Failure)  586713K->26529K(1241088K), 0.0048093 secs]
171.469: [GC (Allocation Failure)  567713K->26537K(1228800K), 0.0038956 secs]
174.524: [GC (Allocation Failure)  549801K->26545K(1205760K), 0.0050096 secs]
178.096: [GC (Allocation Failure)  532401K->26553K(1193984K), 0.0042247 secs]
181.769: [GC (Allocation Failure)  516025K->26561K(1173504K), 0.0042865 secs]
185.247: [GC (Allocation Failure)  500161K->26569K(1162752K), 0.0062369 secs]
188.540: [GC (Allocation Failure)  485321K->26785K(1144320K), 0.0073282 secs]
191.736: [GC (Allocation Failure)  471201K->27049K(1133568K), 0.0092990 secs]
194.983: [GC (Allocation Failure)  457641K->27009K(1117184K), 0.0808117 secs]
198.012: [GC (Allocation Failure)  444289K->27017K(1106944K), 0.0036152 secs]
200.713: [GC (Allocation Failure)  431497K->27033K(1092608K), 0.0056896 secs]
203.868: [GC (Allocation Failure)  419737K->27089K(1083392K), 0.0021894 secs]
206.651: [GC (Allocation Failure)  408529K->27065K(1070080K), 0.0044427 secs]
209.184: [GC (Allocation Failure)  397241K->27113K(1061376K), 0.0033010 secs]
211.629: [GC (Allocation Failure)  386537K->27089K(1049088K), 0.0056321 secs]
214.226: [GC (Allocation Failure)  376273K->27097K(1300992K), 0.0034245 secs]
218.360: [GC (Allocation Failure)  626649K->27113K(1278976K), 0.0053429 secs]
222.596: [GC (Allocation Failure)  606185K->27129K(1261056K), 0.0041096 secs]
226.563: [GC (Allocation Failure)  586745K->27137K(1240576K), 0.0032985 secs]
230.343: [GC (Allocation Failure)  567809K->27145K(1223680K), 0.0127263 secs]
233.876: [GC (Allocation Failure)  549897K->27185K(1205248K), 0.0058254 secs]
237.197: [GC (Allocation Failure)  532529K->27225K(1189888K), 0.0025019 secs]
240.318: [GC (Allocation Failure)  516185K->27169K(1172992K), 0.0028562 secs]
243.381: [GC (Allocation Failure)  500257K->27225K(1158656K), 0.0027060 secs]
246.298: [GC (Allocation Failure)  485465K->27201K(1143808K), 0.0041357 secs]
249.153: [GC (Allocation Failure)  471105K->27225K(1130496K), 0.0033132 secs]
251.909: [GC (Allocation Failure)  457305K->27233K(1116672K), 0.0033268 secs]
254.601: [GC (Allocation Failure)  444001K->27241K(1104896K), 0.0037851 secs]
257.337: [GC (Allocation Failure)  431721K->27249K(1092608K), 0.0050573 secs]
260.133: [GC (Allocation Failure)  419953K->27257K(1081856K), 0.0039938 secs]
262.592: [GC (Allocation Failure)  408697K->27265K(1070080K), 0.0039097 secs]
265.329: [GC (Allocation Failure)  397441K->27273K(1059840K), 0.0063607 secs]
267.750: [GC (Allocation Failure)  386697K->27281K(1049088K), 0.0033585 secs]
270.015: [GC (Allocation Failure)  376465K->27289K(1294848K), 0.0031353 secs]
273.603: [GC (Allocation Failure)  621721K->27297K(1273856K), 0.0041135 secs]
277.168: [GC (Allocation Failure)  601249K->27321K(1254400K), 0.0045315 secs]
280.559: [GC (Allocation Failure)  581817K->27329K(1235968K), 0.0040581 secs]
284.029: [GC (Allocation Failure)  563393K->27353K(1218048K), 0.0040188 secs]
287.367: [GC (Allocation Failure)  545497K->27401K(1201152K), 0.0030551 secs]
290.603: [GC (Allocation Failure)  528649K->27377K(1184768K), 0.0040022 secs]
293.570: [GC (Allocation Failure)  512241K->27385K(1169408K), 0.0049861 secs]
296.344: [GC (Allocation Failure)  496889K->27393K(1154560K), 0.0037513 secs]
299.024: [GC (Allocation Failure)  482049K->27401K(1140224K), 0.0040803 secs]
301.534: [GC (Allocation Failure)  467721K->27505K(1126912K), 0.0032523 secs]
304.045: [GC (Allocation Failure)  454513K->27513K(1114112K), 0.0035755 secs]
306.508: [GC (Allocation Failure)  441721K->27521K(1101824K), 0.0045143 secs]
309.144: [GC (Allocation Failure)  429441K->27537K(1090048K), 0.0038753 secs]
311.648: [GC (Allocation Failure)  417681K->27545K(1078784K), 0.0049363 secs]
314.052: [GC (Allocation Failure)  406425K->27601K(1068032K), 0.0026738 secs]
316.310: [GC (Allocation Failure)  395729K->27601K(1057792K), 0.0032350 secs]
318.645: [GC (Allocation Failure)  385489K->27609K(1295360K), 0.0048835 secs]
322.202: [GC (Allocation Failure)  623065K->27649K(1274880K), 0.0041809 secs]
325.844: [GC (Allocation Failure)  602625K->27649K(1255424K), 0.0042827 secs]
329.416: [GC (Allocation Failure)  583169K->27657K(1236992K), 0.0040643 secs]
333.168: [GC (Allocation Failure)  564745K->27665K(1219072K), 0.0041008 secs]
336.512: [GC (Allocation Failure)  546833K->27681K(1202176K), 0.0036179 secs]
339.946: [GC (Allocation Failure)  529953K->27689K(1185792K), 0.0030200 secs]
343.403: [GC (Allocation Failure)  513577K->27705K(1170432K), 0.0028899 secs]
346.360: [GC (Allocation Failure)  498233K->27809K(1155584K), 0.0031791 secs]
349.200: [GC (Allocation Failure)  483489K->27721K(1141248K), 0.0036220 secs]
351.961: [GC (Allocation Failure)  469065K->27729K(1127424K), 0.0044125 secs]
354.996: [GC (Allocation Failure)  455249K->27737K(1114624K), 0.0067969 secs]
357.586: [GC (Allocation Failure)  442457K->27761K(1102336K), 0.0018447 secs]
359.928: [GC (Allocation Failure)  430193K->27769K(1090560K), 0.0041431 secs]
362.338: [GC (Allocation Failure)  418425K->27857K(1079296K), 0.0029816 secs]
364.612: [GC (Allocation Failure)  407249K->27897K(1068544K), 0.0026315 secs]
366.701: [GC (Allocation Failure)  396537K->27809K(1057792K), 0.0034366 secs]
368.904: [GC (Allocation Failure)  385697K->27865K(1295360K), 0.0018596 secs]
372.523: [GC (Allocation Failure)  623321K->27841K(1274880K), 0.0040626 secs]
376.001: [GC (Allocation Failure)  602817K->27945K(1255424K), 0.0041466 secs]
379.203: [GC (Allocation Failure)  583465K->27889K(1236992K), 0.0031741 secs]
382.273: [GC (Allocation Failure)  564977K->27929K(1219072K), 0.0043453 secs]
385.443: [GC (Allocation Failure)  547097K->27945K(1202176K), 0.0058153 secs]
388.367: [GC (Allocation Failure)  530217K->27953K(1185792K), 0.0058678 secs]
391.334: [GC (Allocation Failure)  513841K->27961K(1170432K), 0.0040289 secs]
394.098: [GC (Allocation Failure)  498489K->27977K(1155584K), 0.0050924 secs]
397.046: [GC (Allocation Failure)  483657K->27993K(1141248K), 0.0027235 secs]
399.895: [GC (Allocation Failure)  469337K->28001K(1127424K), 0.0035699 secs]
402.753: [GC (Allocation Failure)  455521K->28009K(1114624K), 0.0137164 secs]
405.300: [GC (Allocation Failure)  442729K->28025K(1102336K), 0.0023530 secs]
407.770: [GC (Allocation Failure)  430457K->28041K(1090560K), 0.0025647 secs]
410.406: [GC (Allocation Failure)  418697K->28049K(1079296K), 0.0043720 secs]
413.051: [GC (Allocation Failure)  407441K->28065K(1068544K), 0.0030072 secs]
415.552: [GC (Allocation Failure)  396705K->28081K(1057792K), 0.0046402 secs]
418.240: [GC (Allocation Failure)  385969K->28089K(1295360K), 0.0046081 secs]
422.370: [GC (Allocation Failure)  623545K->28225K(1274880K), 0.0086358 secs]
426.216: [GC (Allocation Failure)  603201K->28209K(1255424K), 0.0046010 secs]
429.864: [GC (Allocation Failure)  583729K->28345K(1236992K), 0.0049417 secs]
433.090: [GC (Allocation Failure)  565433K->28361K(1219072K), 0.0057938 secs]
436.438: [GC (Allocation Failure)  547529K->28673K(1202176K), 0.0076917 secs]
439.619: [GC (Allocation Failure)  530945K->28673K(1185792K), 0.0051929 secs]
442.407: [GC (Allocation Failure)  514561K->28721K(1170432K), 0.0027424 secs]
445.103: [GC (Allocation Failure)  499249K->28713K(1155584K), 0.0047503 secs]
447.724: [GC (Allocation Failure)  484393K->28721K(1141248K), 0.0060336 secs]
450.337: [GC (Allocation Failure)  470065K->28729K(1127424K), 0.0035467 secs]
452.787: [GC (Allocation Failure)  456249K->28745K(1114624K), 0.0026431 secs]
455.294: [GC (Allocation Failure)  443465K->28753K(1102336K), 0.0050830 secs]
457.594: [GC (Allocation Failure)  431185K->28953K(1090560K), 0.0075872 secs]
459.848: [GC (Allocation Failure)  419609K->28921K(1079296K), 0.0031998 secs]
462.018: [GC (Allocation Failure)  408313K->28937K(1068544K), 0.0037662 secs]
464.175: [GC (Allocation Failure)  397577K->28945K(1057792K), 0.0040197 secs]
466.270: [GC (Allocation Failure)  386833K->28953K(1295360K), 0.0041702 secs]
469.849: [GC (Allocation Failure)  624409K->28961K(1274880K), 0.0045566 secs]
473.487: [GC (Allocation Failure)  603937K->28969K(1255424K), 0.0050252 secs]
477.023: [GC (Allocation Failure)  584489K->28977K(1236992K), 0.0051386 secs]
480.459: [GC (Allocation Failure)  566065K->28985K(1219072K), 0.0050231 secs]
483.723: [GC (Allocation Failure)  548153K->29065K(1202176K), 0.0031553 secs]
486.800: [GC (Allocation Failure)  531337K->29009K(1185792K), 0.0039433 secs]
489.863: [GC (Allocation Failure)  514897K->29041K(1170432K), 0.0034687 secs]
492.828: [GC (Allocation Failure)  499569K->29033K(1155584K), 0.0051162 secs]
495.717: [GC (Allocation Failure)  484713K->29041K(1141248K), 0.0033576 secs]
498.468: [GC (Allocation Failure)  470385K->29049K(1127424K), 0.0050729 secs]
501.080: [GC (Allocation Failure)  456569K->29313K(1114624K), 0.0061791 secs]
503.355: [GC (Allocation Failure)  444033K->29353K(1102336K), 0.0044751 secs]
505.888: [GC (Allocation Failure)  431785K->29345K(1090560K), 0.0045417 secs]
508.325: [GC (Allocation Failure)  420001K->29705K(1079296K), 0.0065195 secs[W510.710: [GC (Allocation Failure)  [Weak Resource Cleaner: Cleaning...]
[Weak Resource Cleaner: Cleaning...]
[Weak Resource Cleaner: Cleaning...]
[Weak Resource Cleaner: Cleaning...]
[Weak Resource Cleaner: Cleaning...]
[Weak Resource Cleaner: Cleaning...]
[Weak Resource Cleaner: Cleaning...]
[Weak Resource Cleaner: Cleaning...]
[Weak Resource Cleaner: Cleaning...]
[Weak Resource Cleaner: Cleaning...]
[Weak Resource Cleaner: Cleaning...]
[Weak Resource Cleaner: Cleaning...]
[Weak Resource Cleaner: Cleaning...]
[Weak Resource Cleaner: Cleaning...]
[Weak Resource Cleaner: Cleaning...]
[Weak Resource Cleaner: Cleaning...]
[Weak Resource Cleaner: Cleaning...]
[Weak Resource Cleaner: Cleaning...]
[Weak Resource Cleaner: Cleaning...]
[Weak Resource Cleaner: Cleaning...]
[Weak Resource Cleaner: Cleaning...]
[Weak Resource Cleaner: Cleaning...]
[Weak Resource Cleaner: Cleaning...]
[Weak Resource Cleaner: Cleaning...]
[Weak Resource Cleaner: Cleaning...]
[Weak Resource Cleaner: Cleaning...]
[Weak Resource Cleaner: Cleaning...]
[Weak Resource Cleaner: Cleaning...]
[Weak Resource Cleaner: Cleaning...]
[Weak Resource Cleaner: Cleaning...]
[Weak Resource Cleaner: Cleaning...]
[Weak Resource Cleaner: Cleaning...]
[Weak Resource Cleaner: Cleaning...]
[Weak Resource Cleaner: Cleaning...]
[Weak Resource Cleaner: Cleaning...]
[Weak Resource Cleaner: Cleaning...]
[Weak Resource Cleaner: Cleaning...]
[Weak Resource Cleaner: Cleaning...]
[Weak Resource Cleaner: Cleaning...]
[Weak Resource Cleaner: Cleaning...]
[Weak Resource Cleaner: Cleaning...]
[Weak Resource Cleaner: Cleaning...]
[Weak Resource Cleaner: Cleaning...]
[Weak Resource Cleaner: Cleaning...]
[Weak Resource Cleaner: Cleaning...]
[Weak Resource Cleaner: Cleaning...]
[Weak Resource Cleaner: Cleaning...]
[Weak Resource Cleaner: Cleaning...]
[Weak Resource Cleaner: Cleaning...]
[Weak Resource Cleaner: Cleaning...]
[Weak Resource Cleaner: Cleaning...]
[Weak Resource Cleaner: Cleaning...]
[Weak Resource Cleaner: Cleaning...]
[Weak Resource Cleaner: Cleaning...]
[Weak Resource Cleaner: Cleaning...]
[Weak Resource Cleaner: Cleaning...]
[Weak Resource Cleaner: Cleaning...]
[Weak Resource Cleaner: Cleaning...]
[Weak Resource Cleaner: Cleaning...]
[Weak Resource Cleaner: Cleaning...]
[Weak Resource Cleaner: Cleaning...]
[Weak Resource Cleaner: Cleaning...]
[Weak Resource Cleaner: Cleaning...]
[Weak Resource Cleaner: Cleaning...]
[Weak Resource Cleaner: Cleaning...]
[Weak Resource Cleaner: Cleaning...]
[Weak Resource Cleaner: Cleaning...]
[Weak Resource Cleaner: Cleaning...]
[Weak Resource Cleaner: Cleaning...]
[Weak Resource Cleaner: Cleaning...]
[Weak Resource Cleaner: Cleaning...]
[Weak Resource Cleaner: Cleaning...]
[Weak Resource Cleaner: Cleaning...]
[Weak Resource Cleaner: Cleaning...]
[Weak Resource Cleaner: Cleaning...]
[Weak Resource Cleaner: Cleaning...]
[Weak Resource Cleaner: Cleaning...]
[Weak Resource Cleaner: Cleaning...]
[Weak Resource Cleaner: Cleaning...]
[Weak Resource Cleaner: Cleaning...]
[Weak Resource Cleaner: Cleaning...]
[Weak Resource Cleaner: Cleaning...]
[Weak Resource Cleaner: Cleaning...]
[Weak Resource Cleaner: Cleaning...]
[Weak Resource Cleaner: Cleaning...]
[Weak Resource Cleaner: Cleaning...]
[Weak Resource Cleaner: Cleaning...]
[Weak Resource Cleaner: Cleaning...]
[Weak Resource Cleaner: Cleaning...]
[Weak Resource Cleaner: Cleaning...]
[Weak Resource Cleaner: Cleaning...]
[Weak Resource Cleaner: Cleaning...]
[Weak Resource Cleaner: Cleaning...]
[Weak Resource Cleaner: Cleaning...]
[Weak Resource Cleaner: Cleaning...]
[Weak Resource Cleaner: Cleaning...]
[Weak Resource Cleaner: Cleaning...]
[Weak Resource Cleaner: Cleaning...]
[Weak Resource Cleaner: Cleaning...]
[Weak Resource Cleaner: Cleaning...]
[Weak Resource Cleaner: Cleaning...]
[Weak Resource Cleaner: Cleaning...]
[Weak Resource Cleaner: Cleaning...]
[Weak Resource Cleaner: Cleaning...]
[Weak Resource Cleaner: Cleaning...]
[Weak Resource Cleaner: Cleaning...]
[Weak Resource Cleaner: Cleaning...]
[Weak Resource Cleaner: Cleaning...]
[Weak Resource Cleaner: Cleaning...]
[Weak Resource Cleaner: Cleaning...]
[Weak Resource Cleaner: Cleaning...]
[Weak Resource Cleaner: Cleaning...]
[Weak Resource Cleaner: Cleaning...]
[Weak Resource Cleaner: Cleaning...]
[Weak Resource Cleaner: Cleaning...]
[Weak Resource Cleaner: Cleaning...]
[Weak Resource Cleaner: Cleaning...]
[Weak Resource Cleaner: Cleaning...]
[Weak Resource Cleaner: Cleaning...]
[Weak Resource Cleaner: Cleaning...]
[Weak Resource Cleaner: Cleaning...]
[Weak Resource Cleaner: Cleaning...]
[Weak Resource Cleaner: Cleaning...]
[Weak Resource Cleaner: Cleaning...]
[Weak Resource Cleaner: Cleaning...]
[Weak Resource Cleaner: Cleaning...]
[Weak Resource Cleaner: Cleaning...]
[Weak Resource Cleaner: Cleaning...]
[Weak Resource Cleaner: Cleaning...]
[Weak Resource Cleaner: Cleaning...]
[Weak Resource Cleaner: Cleaning...]
[Weak Resource Cleaner: Cleaning...]
[Weak Resource Cleaner: Cleaning...]
[Weak Resource Cleaner: Cleaning...]
[Weak Resource Cleaner: Cleaning...]
[Weak Resource Cleaner: Cleaning...]
[Weak Resource Cleaner: Cleaning...]
[Weak Resource Cleaner: Cleaning...]
[Weak Resource Cleaner: Cleaning...]
[Weak Resource Cleaner: Cleaning...]
[Weak Resource Cleaner: Cleaning...]
[Weak Resource Cleaner: Cleaning...]
[Weak Resource Cleaner: Cleaning...]
[Weak Resource Cleaner: Cleaning...]
[Weak Resource Cleaner: Cleaning...]
[Weak Resource Cleaner: Cleaning...]
[Weak Resource Cleaner: Cleaning...]
[Weak Resource Cleaner: Cleaning...]
[Weak Resource Cleaner: Cleaning...]
[Weak Resource Cleaner: Cleaning...]
[Weak Resource Cleaner: Cleaning...]
[Weak Resource Cleaner: Cleaning...]
[Weak Resource Cleaner: Cleaning...]
[Weak Resource Cleaner: Cleaning...]
[Weak Resource Cleaner: Cleaning...]
[Weak Resource Cleaner: Cleaning...]
[Weak Resource Cleaner: Cleaning...]
[Weak Resource Cleaner: Cleaning...]
[Weak Resource Cleaner: Cleaning...]
[Weak Resource Cleaner: Cleaning...]
[Weak Resource Cleaner: Cleaning...]
[Weak Resource Cleaner: Cleaning...]
[Weak Resource Cleaner: Cleaning...]
[Weak Resource Cleaner: Cleaning...]
[Weak Resource Cleaner: Cleaning...]
[Weak Resource Cleaner: Cleaning...]
[Weak Resource Cleaner: Cleaning...]
[Weak Resource Cleaner: Cleaning...]
[Weak Resource Cleaner: Cleaning...]
[Weak Resource Cleaner: Cleaning...]
[Weak Resource Cleaner: Cleaning...]
[Weak Resource Cleaner: Cleaning...]
[Weak Resource Cleaner: Cleaning...]
[Weak Resource Cleaner: Cleaning...]
[Weak Resource Cleaner: Cleaning...]
[Weak Resource Cleaner: Cleaning...]
[Weak Resource Cleaner: Cleaning...]
[Weak Resource Cleaner: Cleaning...]
[Weak Resource Cleaner: Cleaning...]
[Weak Resource Cleaner: Cleaning...]
[Weak Resource Cleaner: Cleaning...]
[Weak Resource Cleaner: Cleaning...]
[Weak Resource Cleaner: Cleaning...]
[Weak Resource Cleaner: Cleaning...]
[Weak Resource Cleaner: Cleaning...]
[Weak Resource Cleaner: Cleaning...]
[Weak Resource Cleaner: Cleaning...]
[Weak Resource Cleaner: Cleaning...]
[Weak Resource Cleaner: Cleaning...]
[Weak Resource Cleaner: Cleaning...]
[Weak Resource Cleaner: Cleaning...]
[Weak Resource Cleaner: Cleaning...]
[Weak Resource Cleaner: Cleaning...]
[Weak Resource Cleaner: Cleaning...]
[Weak Resource Cleaner: Cleaning...]
[Weak Resource Cleaner: Cleaning...]
[Weak Resource Cleaner: Cleaning...]
[Weak Resource Cleaner: Cleaning...]
[Weak Resource Cleaner: Cleaning...]
[Weak Resource Cleaner: Cleaning...]
[Weak Resource Cleaner: Cleaning...]
[Weak Resource Cleaner: Cleaning...]
[Weak Resource Cleaner: Cleaning...]
[Weak Resource Cleaner: Cleaning...]
[Weak Resource Cleaner: Cleaning...]
[Weak Resource Cleaner: Cleaning...]
[Weak Resource Cleaner: Cleaning...]
[Weak Resource Cleaner: Cleaning...]
[Weak Resource Cleaner: Cleaning...]
[Weak Resource Cleaner: Cleaning...]
[Weak Resource Cleaner: Cleaning...]
[Weak Resource Cleaner: Cleaning...]
[Weak Resource Cleaner: Cleaning...]
[Weak Resource Cleaner: Cleaning...]
[Weak Resource Cleaner: Cleaning...]
[Weak Resource Cleaner: Cleaning...]
[Weak Resource Cleaner: Cleaning...]
[Weak Resource Cleaner: Cleaning...]
[Weak Resource Cleaner: Cleaning...]
[Weak Resource Cleaner: Cleaning...]
[Weak Resource Cleaner: Cleaning...]
[Weak Resource Cleaner: Cleaning...]
[Weak Resource Cleaner: Cleaning...]
[Weak Resource Cleaner: Cleaning...]
[Weak Resource Cleaner: Cleaning...]
[Weak Resource Cleaner: Cleaning...]
[Weak Resource Cleaner: Cleaning...]
[Weak Resource Cleaner: Cleaning...]
[Weak Resource Cleaner: Cleaning...]
[Weak Resource Cleaner: Cleaning...]
[Weak Resource Cleaner: Cleaning...]
[Weak Resource Cleaner: Cleaning...]
[Weak Resource Cleaner: Cleaning...]
[Weak Resource Cleaner: Cleaning...]
[Weak Resource Cleaner: Cleaning...]
[Weak Resource Cleaner: Cleaning...]
[Weak Resource Cleaner: Cleaning...]
[Weak Resource Cleaner: Cleaning...]
[Weak Resource Cleaner: Cleaning...]
[Weak Resource Cleaner: Cleaning...]
[Weak Resource Cleaner: Cleaning...]
[Weak Resource Cleaner: Cleaning...]
[Weak Resource Cleaner: Cleaning...]
[Weak Resource Cleaner: Cleaning...]
[Weak Resource Cleaner: Cleaning...]
[Weak Resource Cleaner: Cleaning...]
[Weak Resource Cleaner: Cleaning...]
[Weak Resource Cleaner: Cleaning...]
[Weak Resource Cleaner: Cleaning...]
[Weak Resource Cleaner: Cleaning...]
[Weak Resource Cleaner: Cleaning...]
[Weak Resource Cleaner: Cleaning...]
[Weak Resource Cleaner: Cleaning...]
[Weak Resource Cleaner: Cleaning...]
[Weak Resource Cleaner: Cleaning...]
[Weak Resource Cleaner: Cleaning...]
[Weak Resource Cleaner: Cleaning...]
[Weak Resource Cleaner: Cleaning...]
[Weak Resource Cleaner: Cleaning...]
[Weak Resource Cleaner: Cleaning...]
[Weak Resource Cleaner: Cleaning...]
[Weak Resource Cleaner: Cleaning...]
[Weak Resource Cleaner: Cleaning...]
[Weak Resource Cleaner: Cleaning...]
[Weak Resource Cleaner: Cleaning...]
[Weak Resource Cleaner: Cleaning...]
[Weak Resource Cleaner: Cleaning...]
[Weak Resource Cleaner: Cleaning...]
[Weak Resource Cleaner: Cleaning...]
[Weak Resource Cleaner: Cleaning...]
[Weak Resource Cleaner: Cleaning...]
[Weak Resource Cleaner: Cleaning...]
[Weak Resource Cleaner: Cleaning...]
[Weak Resource Cleaner: Cleaning...]
[Weak Resource Cleaner: Cleaning...]
[Weak Resource Cleaner: Cleaning...]
[Weak Resource Cleaner: Cleaning...]
[Weak Resource Cleaner: Cleaning...]
[Weak Resource Cleaner: Cleaning...]
[Weak Resource Cleaner: Cleaning...]
[Weak Resource Cleaner: Cleaning...]
[Weak Resource Cleaner: Cleaning...]
[Weak Resource Cleaner: Cleaning...]
[Weak Resource Cleaner: Cleaning...]
[Weak Resource Cleaner: Cleaning...]
[Weak Resource Cleaner: Cleaning...]
[Weak Resource Cleaner: Cleaning...]
[Weak Resource Cleaner: Cleaning...]
[Weak Resource Cleaner: Cleaning...]
[Weak Resource Cleaner: Cleaning...]
[Weak Resource Cleaner: Cleaning...]
[Weak Resource Cleaner: Cleaning...]
[Weak Resource Cleaner: Cleaning...]
[Weak Resource Cleaner: Cleaning...]
[Weak Resource Cleaner: Cleaning...]
[Weak Resource Cleaner: Cleaning...]
[Weak Resource Cleaner: Cleaning...]
[Weak Resource Cleaner: Cleaning...]
[Weak Resource Cleaner: Cleaning...]
[Weak Resource Cleaner: Cleaning...]
[Weak Resource Cleaner: Cleaning...]
[Weak Resource Cleaner: Cleaning...]
[Weak Resource Cleaner: Cleaning...]
[Weak Resource Cleaner: Cleaning...]
[Weak Resource Cleaner: Cleaning...]
[Weak Resource Cleaner: Cleaning...]
[Weak Resource Cleaner: Cleaning...]
[Weak Resource Cleaner: Cleaning...]
[Weak Resource Cleaner: Cleaning...]
[Weak Resource Cleaner: Cleaning...]
[Weak Resource Cleaner: Cleaning...]
[Weak Resource Cleaner: Cleaning...]
[Weak Resource Cleaner: Cleaning...]
[Weak Resource Cleaner: Cleaning...]
[Weak Resource Cleaner: Cleaning...]
[Weak Resource Cleaner: Cleaning...]
[Weak Resource Cleaner: Cleaning...]
[Weak Resource Cleaner: Cleaning...]
[Weak Resource Cleaner: Cleaning...]
[Weak Resource Cleaner: Cleaning...]
[Weak Resource Cleaner: Cleaning...]
[Weak Resource Cleaner: Cleaning...]
[Weak Resource Cleaner: Cleaning...]
[Weak Resource Cleaner: Cleaning...]
[Weak Resource Cleaner: Cleaning...]
[Weak Resource Cleaner: Cleaning...]
[Weak Resource Cleaner: Cleaning...]
[Weak Resource Cleaner: Cleaning...]
[Weak Resource Cleaner: Cleaning...]
[Weak Resource Cleaner: Cleaning...]
[Weak Resource Cleaner: Cleaning...]
[Weak Resource Cleaner: Cleaning...]
[Weak Resource Cleaner: Cleaning...]
[Weak Resource Cleaner: Cleaning...]
[Weak Resource Cleaner: Cleaning...]
[Weak Resource Cleaner: Cleaning...]
[Weak Resource Cleaner: Cleaning...]
[Weak Resource Cleaner: Cleaning...]
[Weak Resource Cleaner: Cleaning...]
[Weak Resource Cleaner: Cleaning...]
[Weak Resource Cleaner: Cleaning...]
[Weak Resource Cleaner: Cleaning...]
[Weak Resource Cleaner: Cleaning...]
[Weak Resource Cleaner: Cleaning...]
[Weak Resource Cleaner: Cleaning...]
[Weak Resource Cleaner: Cleaning...]
[Weak Resource Cleaner: Cleaning...]
[Weak Resource Cleaner: Cleaning...]
[Weak Resource Cleaner: Cleaning...]
[Weak Resource Cleaner: Cleaning...]
[Weak Resource Cleaner: Cleaning...]
[Weak Resource Cleaner: Cleaning...]
[Weak Resource Cleaner: Cleaning...]
[Weak Resource Cleaner: Cleaning...]
[Weak Resource Cleaner: Cleaning...]
[Weak Resource Cleaner: Cleaning...]
[Weak Resource Cleaner: Cleaning...]
[Weak Resource Cleaner: Cleaning...]
[Weak Resource Cleaner: Cleaning...]
[Weak Resource Cleaner: Cleaning...]
[Weak Resource Cleaner: Cleaning...]
[Weak Resource Cleaner: Cleaning...]
[Weak Resource Cleaner: Cleaning...]
[Weak Resource Cleaner: Cleaning...]
[Weak Resource Cleaner: Cleaning...]
[Weak Resource Cleaner: Cleaning...]
[Weak Resource Cleaner: Cleaning...]
[Weak Resource Cleaner: Cleaning...]
[Weak Resource Cleaner: Cleaning...]
[Weak Resource Cleaner: Cleaning...]
[Weak Resource Cleaner: Cleaning...]
[Weak Resource Cleaner: Cleaning...]
[Weak Resource Cleaner: Cleaning...]
[Weak Resource Cleaner: Cleaning...]
[Weak Resource Cleaner: Cleaning...]
[Weak Resource Cleaner: Cleaning...]
[Weak Resource Cleaner: Cleaning...]
[Weak Resource Cleaner: Cleaning...]
[Weak Resource Cleaner: Cleaning...]
[Weak Resource Cleaner: Cleaning...]
[Weak Resource Cleaner: Cleaning...]
[Weak Resource Cleaner: Cleaning...]
[Weak Resource Cleaner: Cleaning...]
[Weak Resource Cleaner: Cleaning...]
[Weak Resource Cleaner: Cleaning...]
[Weak Resource Cleaner: Cleaning...]
[Weak Resource Cleaner: Cleaning...]
[Weak Resource Cleaner: Cleaning...]
[Weak Resource Cleaner: Cleaning...]
[Weak Resource Cleaner: Cleaning...]
[Weak Resource Cleaner: Cleaning...]
[Weak Resource Cleaner: Cleaning...]
[Weak Resource Cleaner: Cleaning...]
[Weak Resource Cleaner: Cleaning...]
[Weak Resource Cleaner: Cleaning...]
[Weak Resource Cleaner: Cleaning...]
[Weak Resource Cleaner: Cleaning...]
[Weak Resource Cleaner: Cleaning...]
[Weak Resource Cleaner: Cleaning...]
[Weak Resource Cleaner: Cleaning...]
[Weak Resource Cleaner: Cleaning...]
[Weak Resource Cleaner: Cleaning...]
[Weak Resource Cleaner: Cleaning...]
[Weak Resource Cleaner: Cleaning...]
[Weak Resource Cleaner: Cleaning...]
[Weak Resource Cleaner: Cleaning...]
[Weak Resource Cleaner: Cleaning...]
[Weak Resource Cleaner: Cleaning...]
[Weak Resource Cleaner: Cleaning...]
[Weak Resource Cleaner: Cleaning...]
[Weak Resource Cleaner: Cleaning...]
[Weak Resource Cleaner: Cleaning...]
[Weak Resource Cleaner: Cleaning...]
[Weak Resource Cleaner: Cleaning...]
[RR Waiter for 2: Terminating thread: Thread-1[tid = 2]]
[Weak Resource Cleaner: Cleaning...]
[RR Waiter for 3: Terminating thread: Thread-2[tid = 3]]
[RR Waiter for 5: Terminating thread: Thread-4[tid = 5]]
[RR Waiter for 7: Terminating thread: Thread-6[tid = 7]]
[RR Waiter for 8: Terminating thread: Thread-7[tid = 8]]
[Weak Resource Cleaner: Cleaning...]
[RR Waiter for 4: Terminating thread: Thread-3[tid = 4]]
[RR Waiter for 1: Terminating thread: Thread-0[tid = 1]]
[RR Waiter for 6: Terminating thread: Thread-5[tid = 6]]
tsp-8	2593583
Minimum tour length: 43
Minimum tour:0 -   10 -    11 -    2 -   7 -   3 -   13 -    12 -    6 -   5 -   14 -    4 -   8 -   1 -   15 -    9 -   0
[main: Terminating thread: main[tid = 0]]
[main: Tool Fini()]
[main: ]
[main: ----- ----- ----- -----      Thpthpthpth.     ----- ----- ----- -----]
[RR: 2.59e+03 sec]
[RR: Total Time: 2594566]
<entry>
  <date> Sat May 01 17:23:02 IST 2021 </date> 
  <mode> SLOW </mode> 
  <timeout> NO </timeout> 
  <options>
    <option><name> javaArgs </name>           <value> Tsp tspfiles/map16c 8  </value> </option>
    <option><name> noDecInline </name>        <value> false </value> </option>
    <option><name> quiet </name>              <value> false </value> </option>
    <option><name> logDepth </name>           <value> 100 </value> </option>
    <option><name> logs </name>               <value> log </value> </option>
    <option><name> out </name>                <value>  </value>   </option>
    <option><name> err </name>                <value>  </value>   </option>
    <option><name> noinst </name>             <value> false </value> </option>
    <option><name> inst </name>               <value> INST </value> </option>
    <option><name> infThreads </name>         <value> 0 </value>  </option>
    <option><name> benchmark </name>          <value> 0 </value>  </option>
    <option><name> fileType </name>           <value> true </value> </option>
    <option><name> transactionFile </name>    <value> transactionfile.csv </value> </option>
    <option><name> warmup </name>             <value> 3 </value>  </option>
    <option><name> availableProcessors </name> <value> 4 </value>  </option>
    <option><name> args </name>               <value> [] </value> </option>
    <option><name> d </name>                  <value> [] </value> </option>
    <option><name> maxYikes </name>           <value> 5 </value>  </option>
    <option><name> help </name>               <value> false </value> </option>
    <option><name> toolpath </name>           <value> /home/krishanu/temp4/aerodrome-roadrunner/classes/rr/simple:/home/krishanu/temp4/aerodrome-roadrunner/classes/tools </value> </option>
    <option><name> classpath </name>          <value> tsp.jar </value> </option>
    <option><name> tool </name>               <value> AD </value> </option>
    <option><name> tools </name>              <value> false </value> </option>
    <option><name> noxml </name>              <value> false </value> </option>
    <option><name> constantGC </name>         <value> false </value> </option>
    <option><name> noFP </name>               <value> true </value> </option>
    <option><name> noShutdownHook </name>     <value> false </value> </option>
    <option><name> noEnter </name>            <value> false </value> </option>
    <option><name> xml </name>                <value> log.xml </value> </option>
    <option><name> pulse </name>              <value>  </value>   </option>
    <option><name> maxTime </name>            <value> 0 </value>  </option>
    <option><name> maxMem </name>             <value> 10240 </value> </option>
    <option><name> maxTid </name>             <value> 16 </value> </option>
    <option><name> stacks </name>             <value> false </value> </option>
    <option><name> values </name>             <value> false </value> </option>
    <option><name> noTidGC </name>            <value> true </value> </option>
    <option><name> noEventReuse </name>       <value> false </value> </option>
    <option><name> trackMemoryUsage </name>   <value> false </value> </option>
    <option><name> repository </name>         <value>  </value>   </option>
    <option><name> meta </name>               <value> null </value> </option>
    <option><name> methods </name>            <value> [default=ACCEPT] </value> </option>
    <option><name> fields </name>             <value> ["-.*this\$.*", "-$.*__\$rr.*", default=ACCEPT] </value> </option>
    <option><name> lines </name>              <value> [default=ACCEPT] </value> </option>
    <option><name> classes </name>            <value> ["-java..*", "-javax..*", "-com.sun..*", "-sun..*", "-rr..*", "-tools..*", "-acme..*", "-.*__\$rr_.*", "-org.xml..*", default=ACCEPT] </value> </option>
    <option><name> shadowThread </name>       <value> ["-.*", default=ACCEPT] </value> </option>
    <option><name> noop </name>               <value> [default=ACCEPT] </value> </option>
    <option><name> noConstructor </name>      <value> false </value> </option>
    <option><name> noClone </name>            <value> false </value> </option>
    <option><name> dump </name>               <value>  </value>   </option>
    <option><name> field </name>              <value> FINE </value> </option>
    <option><name> fancy </name>              <value> false </value> </option>
    <option><name> verify </name>             <value> false </value> </option>
    <option><name> trackReflection </name>    <value> false </value> </option>
    <option><name> arraySites </name>         <value> false </value> </option>
    <option><name> Use TestAcquires </name>   <value> false </value> </option>
    <option><name> sanity </name>             <value> false </value> </option>
    <option><name> reentrantEvents </name>    <value> false </value> </option>
    <option><name> nojoin </name>             <value> false </value> </option>
    <option><name> multiLoader </name>        <value> false </value> </option>
    <option><name> indices </name>            <value> 2147483647 </value> </option>
    <option><name> updaters </name>           <value> SAFE </value> </option>
    <option><name> array </name>              <value> FINE </value> </option>
    <option><name> userArray </name>          <value> rr.state.ArrayStateCreator$1@511d50c0 </value> </option>
    <option><name> nobarrier </name>          <value> false </value> </option>
    <option><name> arrayCacheType </name>     <value> STRONG </value> </option>
    <option><name> callSites </name>          <value> false </value> </option>
    <option><name> maxWarn </name>            <value> 100 </value> </option>
    <option><name> noInterrupt </name>        <value> false </value> </option>
  </options>
  <system>
    <host> krishanu-Predator-G3-572 </host> 
    <name> java.vm.version </name>     <value> 25.292-b10 </value> 
    <name> java.vm.vendor </name>      <value> Private Build </value> 
    <name> java.vm.name </name>        <value> OpenJDK 64-Bit Server VM </value> 
    <name> java.class.path </name>     <value> .:/home/krishanu/temp4/aerodrome-roadrunner/build/jar/rragent.jar </value> 
    <name> os.name </name>             <value> Linux </value> 
    <name> os.arch </name>             <value> amd64 </value> 
    <name> os.version </name>          <value> 5.8.0-50-generic </value> 
    <name> user.name </name>           <value> krishanu </value> 
    <name> user.dir </name>            <value> /home/krishanu/temp4/aerodrome-roadrunner/benchmarks/tsp </value> 
    <availableProcs> 4 </availableProcs> 
    <memCommitted> 1206 </memCommitted> 
    <memUsed> 151 </memUsed> 
    <memTotal> 1206 </memTotal> 
    <compileTime> 6259 </compileTime> 
    <gc> <name> PS Scavenge </name> <time> 4361 </time> </gc>
    <gc> <name> PS MarkSweep </name> <time> 0 </time> </gc>
  </system>
  <instrumented> PrioQElement TourElement Tsp TspSolver harness/Callback  </instrumented> 
  <instrumentedNum> 5 </instrumentedNum> 
  <skipped>  </skipped> 
  <skippedNum> 0 </skippedNum> 
  <sanityChecked>  </sanityChecked> 
  <sanityCheckedNum> 0 </sanityCheckedNum> 
  <counters>

    <counter><name> "AD: Read" </name>                                   <value> 892,438,788 </value> </counter>
    <counter><name> "AD: Write" </name>                                  <value> 99,732,027 </value> </counter>
    <counter><name> "AD: Method Begin" </name>                           <value> 10,043,313 </value> </counter>
    <counter><name> "AD: Method End" </name>                             <value> 10,043,313 </value> </counter>
    <counter><name> "AD: Transaction Begin" </name>                      <value>     10,403 </value> </counter>
    <counter><name> "AD: Transaction End" </name>                        <value>     10,403 </value> </counter>
    <counter><name> "AD: Acquire" </name>                                <value>        411 </value> </counter>
    <counter><name> "AD: Release" </name>                                <value>        411 </value> </counter>
    <counter><name> "AD: Fork" </name>                                   <value>          8 </value> </counter>
    <counter><name> "AD: Join" </name>                                   <value>          8 </value> </counter>
    <counter><name> "AD: Other (Ignore)" </name>                         <value>          0 </value> </counter>
    <counter><name> "AD: Other (Ignore)" </name>                         <value> 25,311 </value> </counter>

    <counter><name> "ArrayStateFactory: Size" </name>                    <value> 260 </value> </counter>
    <counter><name> "ArrayStateFactory: Attic Move Time" </name>         <value> <total>0.00000</total> <count>0</count>  </value> </counter>
    <counter><name> "ArrayStateFactory: Attic Hits" </name>              <value> 0 </value> </counter>

    <counter><name> "Clone: Count" </name>                               <value> 0 </value> </counter>

    <counter><name> "GCRunner: Max Usage" </name>                        <value> 0 </value> </counter>

    <counter><name> "Handler: Count" </name>                             <value> 0 </value> </counter>

    <counter><name> "ShadowLock: objects" </name>                        <value> 2 </value> </counter>

    <counter><name> "ShadowThread: Count" </name>                        <value> 9 </value> </counter>
    <counter><name> "ShadowThread: Max Live" </name>                     <value> 9 </value> </counter>
    <counter><name> "ShadowThread: getCurrentThread() calls" </name>     <value> 20,096,287 </value> </counter>

    <counter><name> "Time: Instrumenter" </name>                         <value> <total>232.000</total> <count>5</count> <ave>46.4000</ave> </value> </counter>
  </counters>
  <yikes>
  </yikes>
  <tool>
    <name> tools.aerodrome.AeroDromeTool </name> 
    <violation> 
        Type -> read 
        Location -> TspSolver.__$rr_split_tour__$rr__Original_(I)V (TspSolver.java):303:92
        Transaction Method -> TspSolver.split_tour(I)V
    </violation> 
    <violation> 
        Type -> write 
        Location ->  TspSolver.__$rr_calc_bound__$rr__Original_(I)I (TspSolver.java):216:331
        Transaction Method -> TspSolver.split_tour(I)V
    </violation> 
    <violation> 
        Type -> write 
        Location ->  TspSolver.__$rr_split_tour__$rr__Original_(I)V (TspSolver.java):340:276
        Transaction Method -> TspSolver.split_tour(I)V
    </violation> 
    <violation> 
        Type -> write 
        Location ->  TspSolver.__$rr_calc_bound__$rr__Original_(I)I (TspSolver.java):220:374
        Transaction Method -> TspSolver.split_tour(I)V
    </violation> 
    <violation> 
        Type -> write 
        Location ->  TspSolver.__$rr_new_tour__$rr__Original_(II)I (TspSolver.java):69:24
        Transaction Method -> TspSolver.split_tour(I)V
    </violation> 
    <excluded method> TspSolver.run()V </excluded method> 
    <excluded method> Tsp.main([Ljava/lang/String;)V </excluded method> 
    <excluded method> TspSolver.Worker()V </excluded method> 
    <excluded method> TspSolver.recursive_solve(I)V </excluded method> 
    <excluded method> TspSolver.get_tour(I)I </excluded method> 
    <excluded method> TspSolver.find_solvable_tour()I </excluded method> 
    <excluded method> TspSolver.visit_nodes(I)V </excluded method> 
  </tool>
  <tool>
    <name> Last </name> 
  </tool>
  <threadCount> 9 </threadCount> 
  <threadMaxActive> 9 </threadMaxActive> 
  <errorTotal> 0 </errorTotal> 
  <distinctErrorTotal> 0 </distinctErrorTotal> 
  <methods>
  </methods>
  <fields>
  </fields>
  <arrays>
  </arrays>
  <locks>
  </locks>
  <fieldAccesses>
  </fieldAccesses>
  <errorCountPerErrorType>
  </errorCountPerErrorType>
  <warningsTotal> 0 </warningsTotal> 
  <yikesTotal> 0 </yikesTotal> 
  <failed> false </failed> 
  <failedReason>  </failedReason> 
  <time> 2594566 </time> 
</entry>
[RR: Time = 2594566]
[RR: Exiting: 0]
(1293312K), 0.0028085 secs]
1535.909: [GC (Allocation Failure)  631657K->38289K(1272832K), 0.0032372 secs]
1538.966: [GC (Allocation Failure)  611217K->38305K(1253376K), 0.0030680 secs]
1542.039: [GC (Allocation Failure)  591777K->38313K(1234944K), 0.0029777 secs]
1545.112: [GC (Allocation Failure)  573353K->38329K(1217024K), 0.0019032 secs]
1547.803: [GC (Allocation Failure)  555449K->38353K(1200128K), 0.0028532 secs]
1550.452: [GC (Allocation Failure)  538577K->38361K(1183744K), 0.0037810 secs]
1552.984: [GC (Allocation Failure)  522201K->38401K(1168384K), 0.0039291 secs]
1555.595: [GC (Allocation Failure)  506881K->38385K(1153536K), 0.0044677 secs]
1558.154: [GC (Allocation Failure)  492017K->38449K(1139200K), 0.0033012 secs]
1560.457: [GC (Allocation Failure)  477745K->38425K(1125888K), 0.0041640 secs]
1562.880: [GC (Allocation Failure)  464409K->38433K(1113088K), 0.0053228 secs]
1565.348: [GC (Allocation Failure)  451617K->38513K(1100800K), 0.0033447 secs]
1568.116: [GC (Allocation Failure)  439409K->38497K(1089024K), 0.0069616 secs]
1570.857: [GC (Allocation Failure)  427617K->38489K(1077760K), 0.0045437 secs]
1573.113: [GC (Allocation Failure)  416345K->38513K(1067008K), 0.0093042 secs]
1575.463: [GC (Allocation Failure)  405617K->38537K(1056768K), 0.0043402 secs]
1577.790: [GC (Allocation Failure)  395401K->38585K(1293312K), 0.0032339 secs]
1581.874: [GC (Allocation Failure)  631993K->38593K(1272832K), 0.0042998 secs]
1585.642: [GC (Allocation Failure)  611521K->38625K(1253376K), 0.0074473 secs]
1589.213: [GC (Allocation Failure)  592097K->38641K(1234944K), 0.0033897 secs]
1592.883: [GC (Allocation Failure)  573681K->38641K(1217024K), 0.0043311 secs]
1596.337: [GC (Allocation Failure)  555761K->38649K(1200128K), 0.0080005 secs]
1600.371: [GC (Allocation Failure)  538873K->38657K(1183744K), 0.0049671 secs]
1604.124: [GC (Allocation Failure)  522497K->38761K(1168384K), 0.0048983 secs]
1607.433: [GC (Allocation Failure)  507241K->38673K(1153536K), 0.0036167 secs]
1611.375: [GC (Allocation Failure)  492305K->38777K(1139200K), 0.0114767 secs]
1614.910: [GC (Allocation Failure)  478073K->38737K(1125888K), 0.0048404 secs]
1618.135: [GC (Allocation Failure)  464721K->38761K(1113088K), 0.0020993 secs]
1620.988: [GC (Allocation Failure)  451945K->38745K(1100800K), 0.0070416 secs]
1623.793: [GC (Allocation Failure)  439641K->38777K(1089024K), 0.0034261 secs]
1626.444: [GC (Allocation Failure)  427897K->38817K(1077760K), 0.0112332 secs]
1628.806: [GC (Allocation Failure)  416673K->38793K(1067008K), 0.0056951 secs]
1631.005: [GC (Allocation Failure)  405897K->38809K(1056768K), 0.0043281 secs]
1633.164: [GC (Allocation Failure)  395673K->38833K(1293312K), 0.0038475 secs]
1636.695: [GC (Allocation Failure)  632241K->38897K(1272832K), 0.0027686 secs]
1640.099: [GC (Allocation Failure)  611825K->38873K(1253376K), 0.0038704 secs]
1643.362: [GC (Allocation Failure)  592345K->38921K(1234944K), 0.0026116 secs]
1646.588: [GC (Allocation Failure)  573961K->38913K(1217024K), 0.0042287 secs]
1650.787: [GC (Allocation Failure)  556033K->38985K(1200128K), 0.0041203 secs]
1654.693: [GC (Allocation Failure)  539209K->39033K(1183744K), 0.0047169 secs]
1658.877: [GC (Allocation Failure)  522873K->39001K(1168384K), 0.0160079 secs]
1662.425: [GC (Allocation Failure)  507481K->39009K(1153536K), 0.0045471 secs]
1665.942: [GC (Allocation Failure)  492641K->39073K(1139200K), 0.0103188 secs]
1670.161: [GC (Allocation Failure)  478369K->39089K(1125888K), 0.0095801 secs]
1674.576: [GC (Allocation Failure)  465073K->39089K(1113088K), 0.0044564 secs]
1678.826: [GC (Allocation Failure)  452273K->39097K(1100800K), 0.0055891 secs]
1682.543: [GC (Allocation Failure)  439993K->39113K(1089024K), 0.0123639 secs]
1685.756: [GC (Allocation Failure)  428233K->39137K(1077760K), 0.0038084 secs]
1688.783: [GC (Allocation Failure)  416993K->39145K(1067008K), 0.0075812 secs]
1692.000: [GC (Allocation Failure)  406249K->39161K(1056768K), 0.0052312 secs]
1694.962: [GC (Allocation Failure)  396025K->39193K(1293312K), 0.0053528 secs]
1700.196: [GC (Allocation Failure)  632601K->39265K(1272832K), 0.0048225 secs]
1705.236: [GC (Allocation Failure)  612193K->39281K(1253376K), 0.0056455 secs]
1710.126: [GC (Allocation Failure)  592753K->39321K(1234944K), 0.0086839 secs]
1714.722: [GC (Allocation Failure)  574361K->39401K(1217024K), 0.0090751 secs]
1719.438: [GC (Allocation Failure)  556521K->39481K(1200128K), 0.0078015 secs]
1723.129: [GC (Allocation Failure)  539705K->39481K(1183744K), 0.0088833 secs]
1726.964: [GC (Allocation Failure)  523321K->39577K(1168384K), 0.0057475 secs]
1730.110: [GC (Allocation Failure)  508057K->39665K(1153536K), 0.0029990 secs]
1733.294: [GC (Allocation Failure)  493297K->39657K(1139200K), 0.0072134 secs]
1736.899: [GC (Allocation Failure)  478953K->39665K(1125888K), 0.0034147 secs]
1739.936: [GC (Allocation Failure)  465649K->39745K(1113088K), 0.0033731 secs]
1743.203: [GC (Allocation Failure)  452929K->39849K(1100800K), 0.0031103 secs]
1745.948: [GC (Allocation Failure)  440745K->39793K(1089024K), 0.0054250 secs]
1748.700: [GC (Allocation Failure)  428913K->39817K(1077760K), 0.0035641 secs]
1751.757: [GC (Allocation Failure)  417673K->39897K(1067008K), 0.0063508 secs]
1754.496: [GC (Allocation Failure)  407001K->39969K(1056768K), 0.0068753 secs]
1758.079: [GC (Allocation Failure)  396833K->39953K(1293312K), 0.0122839 secs]
1762.825: [GC (Allocation Failure)  633361K->39929K(1272832K), 0.0049793 secs]
1766.567: [GC (Allocation Failure)  612857K->40033K(1253376K), 0.0039798 secs]
1770.354: [GC (Allocation Failure)  593505K->40041K(1234944K), 0.0050222 secs]
1774.220: [GC (Allocation Failure)  575081K->40049K(1217024K), 0.0070053 secs]
1777.812: [GC (Allocation Failure)  557169K->40065K(1200128K), 0.0044950 secs]
1781.674: [GC (Allocation Failure)  540289K->40097K(1183744K), 0.0042697 secs]
1785.469: [GC (Allocation Failure)  523937K->40145K(1168384K), 0.0069548 secs]
1789.173: [GC (Allocation Failure)  508625K->40145K(1153536K), 0.0045436 secs]
1791.820: [GC (Allocation Failure)  493777K->40169K(1139200K), 0.0041035 secs]
1795.023: [GC (Allocation Failure)  479465K->40209K(1125888K), 0.0038209 secs]
1797.922: [GC (Allocation Failure)  466193K->40185K(1113088K), 0.0061184 secs]
1801.114: [GC (Allocation Failure)  453369K->40289K(1100800K), 0.0040210 secs]
1803.619: [GC (Allocation Failure)  441185K->40265K(1089024K), 0.0044680 secs]
1806.461: [GC (Allocation Failure)  429385K->40273K(1077760K), 0.0095713 secs]
1809.094: [GC (Allocation Failure)  418129K->40281K(1067008K), 0.0036521 secs]
1811.535: [GC (Allocation Failure)  407385K->40289K(1056768K), 0.0052203 secs]
1814.035: [GC (Allocation Failure)  397153K->40297K(1293312K), 0.0042813 secs]
1817.903: [GC (Allocation Failure)  633705K->40305K(1272832K), 0.0061922 secs]
1821.768: [GC (Allocation Failure)  613233K->40321K(1253376K), 0.0051989 secs]
1825.499: [GC (Allocation Failure)  593793K->40377K(1234944K), 0.0034700 secs]
1829.204: [GC (Allocation Failure)  575417K->40377K(1217024K), 0.0043046 secs]
1832.791: [GC (Allocation Failure)  557497K->40385K(1200128K), 0.0041956 secs]
1837.004: [GC (Allocation Failure)  540609K->40393K(1183744K), 0.0045847 secs]
1841.124: [GC (Allocation Failure)  524233K->40401K(1168384K), 0.0114761 secs]
1844.743: [GC (Allocation Failure)  508881K->40473K(1153536K), 0.0050535 secs]
1848.276: [GC (Allocation Failure)  494105K->40449K(1139200K), 0.0047755 secs]
1851.943: [GC (Allocation Failure)  479745K->40473K(1125888K), 0.0091301 secs]
1855.011: [GC (Allocation Failure)  466457K->40553K(1113088K), 0.0195823 secs]
1858.235: [GC (Allocation Failure)  453737K->40505K(1100800K), 0.0049891 secs]
1861.390: [GC (Allocation Failure)  441401K->40601K(1089024K), 0.0154033 secs]
1864.040: [GC (Allocation Failure)  429721K->40553K(1077760K), 0.0055264 secs]
1866.760: [GC (Allocation Failure)  418409K->40561K(1067008K), 0.0051790 secs]
1869.341: [GC (Allocation Failure)  407665K->40569K(1056768K), 0.0042158 secs]
1871.817: [GC (Allocation Failure)  397433K->40577K(1293312K), 0.0043039 secs]
1876.040: [GC (Allocation Failure)  633985K->40617K(1272832K), 0.0041344 secs]
1880.022: [GC (Allocation Failure)  613545K->40633K(1253376K), 0.0032236 secs]
1883.893: [GC (Allocation Failure)  594105K->40633K(1234944K), 0.0048642 secs]
1887.521: [GC (Allocation Failure)  575673K->40641K(1217024K), 0.0042540 secs]
1890.404: [GC (Allocation Failure)  557761K->40649K(1200128K), 0.0043887 secs]
1893.567: [GC (Allocation Failure)  540873K->40673K(1183744K), 0.0048159 secs]
1897.413: [GC (Allocation Failure)  524513K->40721K(1168384K), 0.0113171 secs]
1901.334: [GC (Allocation Failure)  509201K->40705K(1153536K), 0.0080815 secs]
1904.868: [GC (Allocation Failure)  494337K->40761K(1139200K), 0.0049034 secs]
1909.096: [GC (Allocation Failure)  480057K->40737K(1125888K), 0.0044512 secs]
1911.994: [GC (Allocation Failure)  466721K->40745K(1113088K), 0.0056095 secs]
1914.698: [GC (Allocation Failure)  453929K->40833K(1100800K), 0.0071595 secs]
1917.652: [GC (Allocation Failure)  441729K->40817K(1089024K), 0.0169076 secs]
1921.047: [GC (Allocation Failure)  429937K->40857K(1077760K), 0.0057574 secs]
1924.001: [GC (Allocation Failure)  418713K->40833K(1067008K), 0.0053920 secs]
1926.767: [GC (Allocation Failure)  407937K->40841K(1056768K), 0.0096423 secs]
1929.643: [GC (Allocation Failure)  397705K->40849K(1293312K), 0.0076731 secs]
1933.786: [GC (Allocation Failure)  634257K->40889K(1272832K), 0.0032303 secs]
1937.866: [GC (Allocation Failure)  613817K->40905K(1253376K), 0.0054440 secs]
1941.832: [GC (Allocation Failure)  594377K->40961K(1234944K), 0.0076569 secs]
1945.380: [GC (Allocation Failure)  576001K->40905K(1217024K), 0.0037062 secs]
1948.762: [GC (Allocation Failure)  558025K->40913K(1200128K), 0.0065663 secs]
1952.872: [GC (Allocation Failure)  541137K->40929K(1183744K), 0.0044177 secs]
1956.999: [GC (Allocation Failure)  524769K->40969K(1168384K), 0.0042469 secs]
1960.381: [GC (Allocation Failure)  509449K->40993K(1153536K), 0.0024913 secs]
1963.355: [GC (Allocation Failure)  494625K->40985K(1139200K), 0.0060629 secs]
1966.309: [GC (Allocation Failure)  480281K->40993K(1125888K), 0.0094277 secs]
1968.990: [GC (Allocation Failure)  466977K->41065K(1113088K), 0.0030589 secs]
1971.329: [GC (Allocation Failure)  454249K->41089K(1100800K), 0.0038124 secs]
1973.799: [GC (Allocation Failure)  441985K->41073K(1089024K), 0.0029514 secs]
1976.484: [GC (Allocation Failure)  430193K->41057K(1077760K), 0.0083929 secs]
1979.038: [GC (Allocation Failure)  418913K->41145K(1067008K), 0.0096047 secs]
1981.453: [GC (Allocation Failure)  408249K->41089K(1056768K), 0.0037587 secs]
1983.691: [GC (Allocation Failure)  397953K->41097K(1293312K), 0.0050846 secs]
1987.752: [GC (Allocation Failure)  634505K->41105K(1272832K), 0.0079548 secs]
1992.150: [GC (Allocation Failure)  614033K->41121K(1253376K), 0.0048105 secs]
1996.221: [GC (Allocation Failure)  594593K->41153K(1234944K), 0.0029187 secs]
1999.831: [GC (Allocation Failure)  576193K->41193K(1217024K), 0.0034750 secs]
2003.363: [GC (Allocation Failure)  558313K->41201K(1200128K), 0.0057043 secs]
2006.248: [GC (Allocation Failure)  541425K->41201K(1183744K), 0.0044647 secs]
2009.717: [GC (Allocation Failure)  525041K->41257K(1168384K), 0.0040013 secs]
2012.811: [GC (Allocation Failure)  509737K->41233K(1153536K), 0.0060282 secs]
2015.651: [GC (Allocation Failure)  494865K->41321K(1139200K), 0.0043423 secs]
2018.214: [GC (Allocation Failure)  480617K->41321K(1125888K), 0.0011736 secs]
2021.096: [GC (Allocation Failure)  467305K->41297K(1113088K), 0.0043594 secs]
2024.056: [GC (Allocation Failure)  454481K->41305K(1100800K), 0.0065122 secs]
2026.892: [GC (Allocation Failure)  442201K->41417K(1089024K), 0.0048504 secs]
2029.434: [GC (Allocation Failure)  430537K->41433K(1077760K), 0.0099594 secs]
2032.121: [GC (Allocation Failure)  419289K->41409K(1067008K), 0.0055270 secs]
2034.579: [GC (Allocation Failure)  408513K->41457K(1056768K), 0.0100900 secs]
2036.966: [GC (Allocation Failure)  398321K->41505K(1293312K), 0.0045427 secs]
2041.622: [GC (Allocation Failure)  634913K->41545K(1272832K), 0.0052002 secs]
2046.034: [GC (Allocation Failure)  614473K->41585K(1253376K), 0.0069588 secs]
2050.378: [GC (Allocation Failure)  595057K->41593K(1234944K), 0.0049866 secs]
2053.896: [GC (Allocation Failure)  576633K->41601K(1217024K), 0.0057871 secs]
2057.007: [GC (Allocation Failure)  558721K->41625K(1200128K), 0.0058247 secs]
2060.463: [GC (Allocation Failure)  541849K->41633K(1183744K), 0.0055330 secs]
2063.799: [GC (Allocation Failure)  525473K->41649K(1168384K), 0.0033851 secs]
2066.888: [GC (Allocation Failure)  510129K->41657K(1153536K), 0.0055267 secs]
2070.002: [GC (Allocation Failure)  495289K->41705K(1139200K), 0.0084225 secs]
2073.000: [GC (Allocation Failure)  481001K->41697K(1125888K), 0.0038020 secs]
2076.301: [GC (Allocation Failure)  467681K->41705K(1113088K), 0.0085503 secs]
2079.352: [GC (Allocation Failure)  454889K->41713K(1100800K), 0.0063259 secs]
2082.159: [GC (Allocation Failure)  442609K->41721K(1089024K), 0.0074802 secs]
2084.800: [GC (Allocation Failure)  430841K->41769K(1077760K), 0.0064734 secs]
2087.468: [GC (Allocation Failure)  419625K->41769K(1067008K), 0.0055204 secs]
2090.128: [GC (Allocation Failure)  408873K->41785K(1056768K), 0.0061736 secs]
2093.036: [GC (Allocation Failure)  398649K->41801K(1293312K), 0.0041202 secs]
2096.974: [GC (Allocation Failure)  635209K->41841K(1272832K), 0.0038068 secs]
2100.488: [GC (Allocation Failure)  614769K->41833K(1253376K), 0.0057155 secs]
2104.696: [GC (Allocation Failure)  595305K->41849K(1234944K), 0.0057350 secs]
2108.014: [GC (Allocation Failure)  576889K->41897K(1217024K), 0.0028583 secs]
2111.183: [GC (Allocation Failure)  559017K->41897K(1200128K), 0.0041738 secs]
2113.802: [GC (Allocation Failure)  542121K->41985K(1183744K), 0.0030146 secs]
2116.709: [GC (Allocation Failure)  525825K->41953K(1168384K), 0.0027151 secs]
2120.251: [GC (Allocation Failure)  510433K->41961K(1153536K), 0.0106088 secs]
2123.664: [GC (Allocation Failure)  495593K->41993K(1139200K), 0.0050867 secs]
2127.108: [GC (Allocation Failure)  481289K->42001K(1125888K), 0.0075570 secs]
2130.268: [GC (Allocation Failure)  467985K->42009K(1113088K), 0.0093006 secs]
2133.008: [GC (Allocation Failure)  455193K->42017K(1100800K), 0.0040918 secs]
2135.723: [GC (Allocation Failure)  442913K->42065K(1089024K), 0.0027858 secs]
2138.088: [GC (Allocation Failure)  431185K->42081K(1077760K), 0.0024228 secs]
2140.139: [GC (Allocation Failure)  419937K->42097K(1067008K), 0.0031292 secs]
2142.073: [GC (Allocation Failure)  409201K->42137K(1056768K), 0.0060814 secs]
2143.850: [GC (Allocation Failure)  399001K->42129K(1293312K), 0.0046207 secs]
2147.178: [GC (Allocation Failure)  635537K->42177K(1272832K), 0.0025108 secs]
2151.110: [GC (Allocation Failure)  615105K->42169K(1253376K), 0.0052289 secs]
2155.614: [GC (Allocation Failure)  595641K->42177K(1234944K), 0.0044159 secs]
2159.686: [GC (Allocation Failure)  577217K->42185K(1217024K), 0.0051762 secs]
2163.216: [GC (Allocation Failure)  559305K->42233K(1200128K), 0.0105975 secs]
2166.940: [GC (Allocation Failure)  542457K->42257K(1183744K), 0.0151311 secs]
2169.967: [GC (Allocation Failure)  526097K->42233K(1168384K), 0.0057027 secs]
2173.304: [GC (Allocation Failure)  510713K->42265K(1153536K), 0.0043551 secs]
2176.238: [GC (Allocation Failure)  495897K->42305K(1139200K), 0.0038905 secs]
2179.609: [GC (Allocation Failure)  481601K->42353K(1125888K), 0.0030467 secs]
2182.399: [GC (Allocation Failure)  468337K->42361K(1113088K), 0.0069805 secs]
2186.289: [GC (Allocation Failure)  455545K->42377K(1100800K), 0.0047409 secs]
2189.196: [GC (Allocation Failure)  443273K->42369K(1089024K), 0.0062984 secs]
2192.694: [GC (Allocation Failure)  431489K->42401K(1077760K), 0.0084093 secs]
2195.860: [GC (Allocation Failure)  420257K->42409K(1067008K), 0.0123582 secs]
2199.136: [GC (Allocation Failure)  409513K->42425K(1056768K), 0.0028383 secs]
2202.322: [GC (Allocation Failure)  399289K->42433K(1293312K), 0.0139638 secs]
2206.912: [GC (Allocation Failure)  635841K->42441K(1272832K), 0.0064304 secs]
2212.733: [GC (Allocation Failure)  615369K->42457K(1253376K), 0.0047271 secs]
2217.254: [GC (Allocation Failure)  595929K->42497K(1234944K), 0.0066607 secs]
2221.761: [GC (Allocation Failure)  577537K->42513K(1217024K), 0.0056975 secs]
2226.020: [GC (Allocation Failure)  559633K->42521K(1200128K), 0.0045763 secs]
2229.866: [GC (Allocation Failure)  542745K->42529K(1183744K), 0.0055260 secs]
2233.827: [GC (Allocation Failure)  526369K->42609K(1168384K), 0.0145798 secs]
2236.671: [GC (Allocation Failure)  511089K->42577K(1153536K), 0.0064017 secs]
2240.440: [GC (Allocation Failure)  496209K->42593K(1139200K), 0.0093551 secs]
2243.553: [GC (Allocation Failure)  481889K->42641K(1125888K), 0.0022893 secs]
2246.524: [GC (Allocation Failure)  468625K->42641K(1113088K), 0.0047387 secs]
2249.864: [GC (Allocation Failure)  455825K->42745K(1100800K), 0.0053513 secs]
2252.693: [GC (Allocation Failure)  443641K->42737K(1089024K), 0.0047901 secs]
2255.654: [GC (Allocation Failure)  431857K->42857K(1077760K), 0.0057859 secs]
2258.327: [GC (Allocation Failure)  420713K->42817K(1067008K), 0.0063093 secs]
2260.596: [GC (Allocation Failure)  409921K->42865K(1056768K), 0.0053357 secs]
2262.975: [GC (Allocation Failure)  399729K->42929K(1293312K), 0.0189150 secs]
2267.473: [GC (Allocation Failure)  636337K->42993K(1272832K), 0.0071136 secs]
2271.443: [GC (Allocation Failure)  615921K->42969K(1253376K), 0.0037746 secs]
2275.470: [GC (Allocation Failure)  596441K->43009K(1234944K), 0.0046707 secs]
2279.300: [GC (Allocation Failure)  578049K->43009K(1217024K), 0.0071731 secs]
2282.900: [GC (Allocation Failure)  560129K->43017K(1200128K), 0.0066931 secs]
2286.396: [GC (Allocation Failure)  543241K->43033K(1183744K), 0.0065307 secs]
2289.500: [GC (Allocation Failure)  526873K->43073K(1168384K), 0.0041204 secs]
2292.461: [GC (Allocation Failure)  511553K->43081K(1153536K), 0.0055940 secs]
2295.409: [GC (Allocation Failure)  496713K->43129K(1139200K), 0.0029968 secs]
2298.612: [GC (Allocation Failure)  482425K->43121K(1125888K), 0.0061812 secs]
2301.803: [GC (Allocation Failure)  469105K->43137K(1113088K), 0.0037966 secs]
2304.838: [GC (Allocation Failure)  456321K->43193K(1100800K), 0.0099861 secs]
2307.989: [GC (Allocation Failure)  444089K->43177K(1089024K), 0.0036682 secs]
2310.786: [GC (Allocation Failure)  432297K->43201K(1077760K), 0.0056117 secs]
2313.373: [GC (Allocation Failure)  421057K->43241K(1067008K), 0.0046252 secs]
2315.804: [GC (Allocation Failure)  410345K->43281K(1056768K), 0.0029914 secs]
2318.297: [GC (Allocation Failure)  400145K->43281K(1293312K), 0.0043457 secs]
2321.903: [GC (Allocation Failure)  636689K->43321K(1272832K), 0.0022258 secs]
2325.699: [GC (Allocation Failure)  616249K->43321K(1253376K), 0.0053548 secs]
2329.365: [GC (Allocation Failure)  596793K->43361K(1234944K), 0.0086761 secs]
2333.017: [GC (Allocation Failure)  578401K->43385K(1217024K), 0.0029287 secs]
2336.494: [GC (Allocation Failure)  560505K->43401K(1200128K), 0.0094374 secs]
2339.951: [GC (Allocation Failure)  543625K->43425K(1183744K), 0.0056423 secs]
2343.403: [GC (Allocation Failure)  527265K->43425K(1168384K), 0.0081529 secs]
2346.826: [GC (Allocation Failure)  511905K->43449K(1153536K), 0.0045627 secs]
2349.874: [GC (Allocation Failure)  497081K->43457K(1139200K), 0.0045260 secs]
2353.122: [GC (Allocation Failure)  482753K->43473K(1125888K), 0.0041105 secs]
2356.298: [GC (Allocation Failure)  469457K->43545K(1113088K), 0.0102329 secs]
2359.161: [GC (Allocation Failure)  456729K->43529K(1100800K), 0.0048328 secs]
2362.530: [GC (Allocation Failure)  444425K->43529K(1089024K), 0.0027493 secs]
2365.396: [GC (Allocation Failure)  432649K->43537K(1077760K), 0.0055958 secs]
2368.076: [GC (Allocation Failure)  421393K->43545K(1067008K), 0.0160986 secs]
2370.916: [GC (Allocation Failure)  410649K->43585K(1056768K), 0.0050649 secs]
2373.252: [GC (Allocation Failure)  400449K->43609K(1293312K), 0.0037846 secs]
2377.328: [GC (Allocation Failure)  637017K->43625K(1272832K), 0.0046809 secs]
2381.551: [GC (Allocation Failure)  616553K->43633K(1253376K), 0.0036491 secs]
2385.411: [GC (Allocation Failure)  597105K->43641K(1234944K), 0.0051838 secs]
2389.295: [GC (Allocation Failure)  578681K->43713K(1217024K), 0.0038002 secs]
2392.921: [GC (Allocation Failure)  560833K->43777K(1200128K), 0.0078116 secs]
2396.332: [GC (Allocation Failure)  544001K->43785K(1183744K), 0.0065095 secs]
2399.412: [GC (Allocation Failure)  527625K->43865K(1168384K), 0.0042999 secs]
2402.763: [GC (Allocation Failure)  512345K->43849K(1153536K), 0.0071731 secs]
2406.415: [GC (Allocation Failure)  497481K->43857K(1139200K), 0.0043885 secs]
2409.662: [GC (Allocation Failure)  483153K->43937K(1125888K), 0.0042174 secs]
2412.818: [GC (Allocation Failure)  469921K->43921K(1113088K), 0.0052819 secs]
2415.665: [GC (Allocation Failure)  457105K->43929K(1100800K), 0.0045860 secs]
2418.906: [GC (Allocation Failure)  444825K->43937K(1089024K), 0.0055388 secs]
2421.612: [GC (Allocation Failure)  433057K->43945K(1077760K), 0.0056035 secs]
2424.476: [GC (Allocation Failure)  421801K->43993K(1067008K), 0.0077012 secs]
2427.449: [GC (Allocation Failure)  411097K->44105K(1056768K), 0.0037189 secs]
2429.639: [GC (Allocation Failure)  400969K->44137K(1293312K), 0.0021155 secs]
2434.081: [GC (Allocation Failure)  637545K->44161K(1272832K), 0.0028709 secs]
2438.001: [GC (Allocation Failure)  617089K->44193K(1253376K), 0.0072873 secs]
2442.446: [GC (Allocation Failure)  597665K->44169K(1234944K), 0.0058134 secs]
2445.900: [GC (Allocation Failure)  579209K->44281K(1217024K), 0.0082995 secs]
2449.224: [GC (Allocation Failure)  561401K->44345K(1200128K), 0.0224860 secs]
2452.749: [GC (Allocation Failure)  544569K->44305K(1183744K), 0.0052520 secs]
2456.609: [GC (Allocation Failure)  528145K->44345K(1168384K), 0.0093797 secs]
2460.092: [GC (Allocation Failure)  512825K->44353K(1153536K), 0.0066440 secs]
2463.615: [GC (Allocation Failure)  497985K->44401K(1139200K), 0.0077298 secs]
2467.165: [GC (Allocation Failure)  483697K->44401K(1125888K), 0.0049688 secs]
2470.415: [GC (Allocation Failure)  470385K->44409K(1113088K), 0.0044708 secs]
2473.222: [GC (Allocation Failure)  457593K->44425K(1100800K), 0.0044605 secs]
2475.864: [GC (Allocation Failure)  445321K->44457K(1089024K), 0.0040355 secs]
2478.086: [GC (Allocation Failure)  433577K->44473K(1077760K), 0.0047166 secs]
2480.180: [GC (Allocation Failure)  422329K->44481K(1067008K), 0.0053536 secs]
2482.869: [GC (Allocation Failure)  411585K->44489K(1056768K), 0.0082764 secs]
2485.130: [GC (Allocation Failure)  401353K->44529K(1293312K), 0.0056852 secs]
2488.769: [GC (Allocation Failure)  637937K->44553K(1272832K), 0.0053950 secs]
2492.564: [GC (Allocation Failure)  617481K->44617K(1253376K), 0.0041494 secs]
2496.049: [GC (Allocation Failure)  598089K->44617K(1234944K), 0.0046083 secs]
2499.281: [GC (Allocation Failure)  579657K->44609K(1217024K), 0.0044436 secs]
2502.612: [GC (Allocation Failure)  561729K->44689K(1200128K), 0.0035221 secs]
2506.327: [GC (Allocation Failure)  544913K->44697K(1183744K), 0.0058374 secs]
2509.266: [GC (Allocation Failure)  528537K->44713K(1168384K), 0.0065055 secs]
2512.809: [GC (Allocation Failure)  513193K->44729K(1153536K), 0.0069552 secs]
2515.560: [GC (Allocation Failure)  498361K->44785K(1139200K), 0.0099471 secs]
2518.432: [GC (Allocation Failure)  484081K->44745K(1125888K), 0.0066581 secs]
2521.200: [GC (Allocation Failure)  470729K->44793K(1113088K), 0.0039037 secs]
2524.010: [GC (Allocation Failure)  457977K->44785K(1100800K), 0.0033493 secs]
2526.746: [GC (Allocation Failure)  445681K->44793K(1089024K), 0.0042360 secs]
2529.338: [GC (Allocation Failure)  433913K->44833K(1077760K), 0.0036864 secs]
2531.812: [GC (Allocation Failure)  422689K->44833K(1067008K), 0.0077392 secs]
2534.097: [GC (Allocation Failure)  411937K->44849K(1056768K), 0.0094264 secs]
2536.055: [GC (Allocation Failure)  401713K->44929K(1293312K), 0.0030108 secs]
2539.088: [GC (Allocation Failure)  638337K->44913K(1272832K), 0.0024945 secs]
2542.130: [GC (Allocation Failure)  617841K->44929K(1253376K), 0.0023553 secs]
2545.058: [GC (Allocation Failure)  598401K->44993K(1234944K), 0.0029398 secs]
2547.977: [GC (Allocation Failure)  580033K->45017K(1217024K), 0.0028724 secs]
2550.284: [GC (Allocation Failure)  562137K->45057K(1200128K), 0.0020456 secs]
2552.624: [GC (Allocation Failure)  545281K->45073K(1183744K), 0.0026227 secs]
2555.018: [GC (Allocation Failure)  528913K->45137K(1168384K), 0.0049333 secs]
2558.192: [GC (Allocation Failure)  513617K->45161K(1153536K), 0.0067778 secs]
2561.018: [GC (Allocation Failure)  498793K->45233K(1139200K), 0.0064149 secs]
2564.208: [GC (Allocation Failure)  484529K->45281K(1125888K), 0.0094620 secs]
2567.169: [GC (Allocation Failure)  471265K->45305K(1113088K), 0.0064549 secs]
2569.754: [GC (Allocation Failure)  458489K->45305K(1100800K), 0.0042171 secs]
2572.731: [GC (Allocation Failure)  446201K->45337K(1089024K), 0.0042916 secs]
2575.512: [GC (Allocation Failure)  434457K->45345K(1077760K), 0.0044729 secs]
2577.778: [GC (Allocation Failure)  423201K->45353K(1067008K), 0.0065605 secs]
2580.380: [GC (Allocation Failure)  412457K->45361K(1056768K), 0.0054283 secs]
2582.980: [GC (Allocation Failure)  402225K->45385K(1293312K), 0.0057056 secs]
2586.922: [GC (Allocation Failure)  638793K->45393K(1272832K), 0.0077803 secs]
2590.223: [GC (Allocation Failure)  618321K->45417K(1253376K), 0.0038132 secs]
2593.540: [GC (Allocation Failure)  598889K->45417K(1234944K), 0.0044503 secs]
